Component: ARM Compiler 5.06 update 1 (build 61) Tool: armlink [4d35a8]

==============================================================================

Section Cross References

    startup_stm32l051xx.o(RESET) refers to startup_stm32l051xx.o(STACK) for __initial_sp
    startup_stm32l051xx.o(RESET) refers to startup_stm32l051xx.o(.text) for Reset_Handler
    startup_stm32l051xx.o(RESET) refers to stm32l0xx_it.o(i.NMI_Handler) for NMI_Handler
    startup_stm32l051xx.o(RESET) refers to stm32l0xx_it.o(i.HardFault_Handler) for HardFault_Handler
    startup_stm32l051xx.o(RESET) refers to stm32l0xx_it.o(i.SVC_Handler) for SVC_Handler
    startup_stm32l051xx.o(RESET) refers to stm32l0xx_it.o(i.PendSV_Handler) for PendSV_Handler
    startup_stm32l051xx.o(RESET) refers to stm32l0xx_it.o(i.SysTick_Handler) for SysTick_Handler
    startup_stm32l051xx.o(RESET) refers to stm32l0xx_it.o(i.RTC_IRQHandler) for RTC_IRQHandler
    startup_stm32l051xx.o(RESET) refers to stm32l0xx_it.o(i.EXTI2_3_IRQHandler) for EXTI2_3_IRQHandler
    startup_stm32l051xx.o(RESET) refers to stm32l0xx_it.o(i.EXTI4_15_IRQHandler) for EXTI4_15_IRQHandler
    startup_stm32l051xx.o(RESET) refers to stm32l0xx_it.o(i.USART1_IRQHandler) for USART1_IRQHandler
    startup_stm32l051xx.o(.text) refers to system_stm32l0xx.o(i.SystemInit) for SystemInit
    startup_stm32l051xx.o(.text) refers to entry.o(.ARM.Collect$$$$00000000) for __main
    main.o(i.ExitStopSequence) refers to main.o(i.SystemClock_Config) for SystemClock_Config
    main.o(i.ExitStopSequence) refers to gpio.o(i.MX_GPIO_Init) for MX_GPIO_Init
    main.o(i.ExitStopSequence) refers to usart.o(i.MX_USART1_UART_Init) for MX_USART1_UART_Init
    main.o(i.ExitStopSequence) refers to usart.o(i.MX_USART2_UART_Init) for MX_USART2_UART_Init
    main.o(i.ExitStopSequence) refers to memseta.o(.text) for __aeabi_memclr4
    main.o(i.ExitStopSequence) refers to stm32l0xx_hal_gpio.o(i.HAL_GPIO_Init) for HAL_GPIO_Init
    main.o(i.ExitStopSequence) refers to stm32l0xx_hal_cortex.o(i.HAL_NVIC_SetPriority) for HAL_NVIC_SetPriority
    main.o(i.ExitStopSequence) refers to stm32l0xx_hal_cortex.o(i.HAL_NVIC_EnableIRQ) for HAL_NVIC_EnableIRQ
    main.o(i.ExitStopSequence) refers to stm32l0xx_hal_uart.o(i.HAL_UART_Receive_IT) for HAL_UART_Receive_IT
    main.o(i.ExitStopSequence) refers to stm32l0xx_hal_cortex.o(i.HAL_NVIC_DisableIRQ) for HAL_NVIC_DisableIRQ
    main.o(i.ExitStopSequence) refers to stm32l0xx_hal.o(i.HAL_GetTick) for HAL_GetTick
    main.o(i.ExitStopSequence) refers to main.o(i.read_pb3) for read_pb3
    main.o(i.ExitStopSequence) refers to main.o(i.read_pb12) for read_pb12
    main.o(i.ExitStopSequence) refers to printfa.o(i.__0snprintf) for __2snprintf
    main.o(i.ExitStopSequence) refers to usart.o(i.UART2_SendString) for UART2_SendString
    main.o(i.ExitStopSequence) refers to adc.o(i.ADC_Get_Battery_Percentage) for ADC_Get_Battery_Percentage
    main.o(i.ExitStopSequence) refers to main.o(.data) for .data
    main.o(i.ExitStopSequence) refers to usart.o(.bss) for huart1
    main.o(i.HAL_GPIO_EXTI_Callback) refers to stm32l0xx_hal_cortex.o(i.HAL_NVIC_DisableIRQ) for HAL_NVIC_DisableIRQ
    main.o(i.HAL_GPIO_EXTI_Callback) refers to stm32l0xx_hal.o(i.HAL_GetTick) for HAL_GetTick
    main.o(i.HAL_GPIO_EXTI_Callback) refers to main.o(.data) for .data
    main.o(i.HAL_RTC_AlarmAEventCallback) refers to stm32l0xx_hal.o(i.HAL_GetTick) for HAL_GetTick
    main.o(i.HAL_RTC_AlarmAEventCallback) refers to main.o(.data) for .data
    main.o(i.HAL_RTC_AlarmBEventCallback) refers to stm32l0xx_hal.o(i.HAL_GetTick) for HAL_GetTick
    main.o(i.HAL_RTC_AlarmBEventCallback) refers to main.o(.data) for .data
    main.o(i.HAL_UART_RxCpltCallback) refers to mcu_api.o(i.uart_receive_input) for uart_receive_input
    main.o(i.HAL_UART_RxCpltCallback) refers to stm32l0xx_hal_uart.o(i.HAL_UART_Receive_IT) for HAL_UART_Receive_IT
    main.o(i.HAL_UART_RxCpltCallback) refers to main.o(.data) for .data
    main.o(i.HAL_UART_RxCpltCallback) refers to usart.o(.bss) for huart1
    main.o(i.Key_Task) refers to stm32l0xx_hal.o(i.HAL_GetTick) for HAL_GetTick
    main.o(i.Key_Task) refers to main.o(i.do_action) for do_action
    main.o(i.Key_Task) refers to main.o(i.read_pb3) for read_pb3
    main.o(i.Key_Task) refers to main.o(i.read_pb12) for read_pb12
    main.o(i.Key_Task) refers to stm32l0xx_hal_gpio.o(i.HAL_GPIO_WritePin) for HAL_GPIO_WritePin
    main.o(i.Key_Task) refers to protocol.o(i.bt_unbound_req) for bt_unbound_req
    main.o(i.Key_Task) refers to main.o(.data) for .data
    main.o(i.SystemClock_Config) refers to memseta.o(.text) for __aeabi_memclr4
    main.o(i.SystemClock_Config) refers to stm32l0xx_hal_pwr.o(i.HAL_PWR_EnableBkUpAccess) for HAL_PWR_EnableBkUpAccess
    main.o(i.SystemClock_Config) refers to stm32l0xx_hal_rcc.o(i.HAL_RCC_OscConfig) for HAL_RCC_OscConfig
    main.o(i.SystemClock_Config) refers to stm32l0xx_hal_rcc.o(i.HAL_RCC_ClockConfig) for HAL_RCC_ClockConfig
[...]
    i.is_weather_blocking                    0x08006210   Section        0  irrigation.o(i.is_weather_blocking)
    is_weather_blocking                      0x08006211   Thumb Code    46  irrigation.o(i.is_weather_blocking)
    i.main                                   0x08006240   Section        0  main.o(i.main)
    i.mcu_common_uart_data_unpack            0x0800636c   Section        0  mcu_api.o(i.mcu_common_uart_data_unpack)
    mcu_common_uart_data_unpack              0x0800636d   Thumb Code   246  mcu_api.o(i.mcu_common_uart_data_unpack)
    i.mcu_dp_bool_update                     0x0800646c   Section        0  mcu_api.o(i.mcu_dp_bool_update)
    i.mcu_dp_enum_update                     0x080064b0   Section        0  mcu_api.o(i.mcu_dp_enum_update)
    i.mcu_dp_raw_update                      0x080064ec   Section        0  mcu_api.o(i.mcu_dp_raw_update)
    i.mcu_dp_value_update                    0x0800652c   Section        0  mcu_api.o(i.mcu_dp_value_update)
    i.mcu_get_dp_download_bool               0x08006580   Section        0  mcu_api.o(i.mcu_get_dp_download_bool)
    i.mcu_get_dp_download_enum               0x08006584   Section        0  mcu_api.o(i.mcu_get_dp_download_enum)
    i.mcu_get_dp_download_value              0x08006588   Section        0  mcu_api.o(i.mcu_get_dp_download_value)
    i.my_atol                                0x08006590   Section        0  mcu_api.o(i.my_atol)
    i.my_memcmp                              0x080065ca   Section        0  mcu_api.o(i.my_memcmp)
    i.my_memcpy                              0x080065ec   Section        0  mcu_api.o(i.my_memcpy)
    i.my_memset                              0x0800662c   Section        0  mcu_api.o(i.my_memset)
    i.my_strlen                              0x08006644   Section        0  mcu_api.o(i.my_strlen)
    i.read_pb12                              0x0800665c   Section        0  main.o(i.read_pb12)
    read_pb12                                0x0800665d   Thumb Code    24  main.o(i.read_pb12)
    i.read_pb3                               0x08006678   Section        0  main.o(i.read_pb3)
    read_pb3                                 0x08006679   Thumb Code    22  main.o(i.read_pb3)
    i.report_countdown_if_needed             0x08006694   Section        0  irrigation.o(i.report_countdown_if_needed)
    report_countdown_if_needed               0x08006695   Thumb Code    78  irrigation.o(i.report_countdown_if_needed)
    i.report_irrigation_record               0x080066e8   Section        0  irrigation.o(i.report_irrigation_record)
    report_irrigation_record                 0x080066e9   Thumb Code    10  irrigation.o(i.report_irrigation_record)
    i.report_work_state_if_changed           0x080066f4   Section        0  irrigation.o(i.report_work_state_if_changed)
    report_work_state_if_changed             0x080066f5   Thumb Code    74  irrigation.o(i.report_work_state_if_changed)
    i.rtc_set_ymdhms                         0x08006744   Section        0  time_keeper.o(i.rtc_set_ymdhms)
    rtc_set_ymdhms                           0x08006745   Thumb Code   100  time_keeper.o(i.rtc_set_ymdhms)
    i.set_bt_uart_buffer                     0x080067b0   Section        0  system.o(i.set_bt_uart_buffer)
    i.set_bt_uart_byte                       0x080067cc   Section        0  system.o(i.set_bt_uart_byte)
    i.uart_print_reset_info                  0x080067dc   Section        0  main.o(i.uart_print_reset_info)
    i.uart_receive_input                     0x08006944   Section        0  mcu_api.o(i.uart_receive_input)
    i.uart_transmit_output                   0x08006980   Section        0  protocol.o(i.uart_transmit_output)
    i.valve_takeover                         0x08006988   Section        0  irrigation.o(i.valve_takeover)
    .constdata                               0x08006a88   Section       25  system_stm32l0xx.o(.constdata)
    .constdata                               0x08006aa1   Section        8  system_stm32l0xx.o(.constdata)
    .constdata                               0x08006aa9   Section       40  protocol.o(.constdata)
    .constdata                               0x08006ad4   Section       14  system.o(.constdata)
    .constdata                               0x08006ae4   Section       24  irrigation.o(.constdata)
    table                                    0x08006ae4   Data          24  irrigation.o(.constdata)
    .constdata                               0x08006afc   Section       24  time_keeper.o(.constdata)
    mdays_norm                               0x08006afc   Data          12  time_keeper.o(.constdata)
    mdays_norm                               0x08006b08   Data          12  time_keeper.o(.constdata)
    .constdata                               0x08006b14   Section       12  mktime.o(.constdata)
    monlen                                   0x08006b14   Data          12  mktime.o(.constdata)
    .constdata                               0x08006b20   Section       12  localtime_i.o(.constdata)
    monlen                                   0x08006b20   Data          12  localtime_i.o(.constdata)
    .conststring                             0x08006b2c   Section      101  main.o(.conststring)
    .conststring                             0x08006b94   Section        9  timer_manager.o(.conststring)
    .data                                    0x20000000   Section       68  main.o(.data)
    is_in_stop_mode                          0x20000000   Data           1  main.o(.data)
    sync_mode                                0x20000001   Data           1  main.o(.data)
    last_byte                                0x20000002   Data           1  main.o(.data)
    pending_act                              0x20000003   Data           1  main.o(.data)
    switch_state                             0x20000004   Data           1  main.o(.data)
    pb3_last                                 0x20000005   Data           1  main.o(.data)
    pb12_last                                0x20000006   Data           1  main.o(.data)
    pb3_long_fired                           0x20000007   Data           1  main.o(.data)
    pb12_long_fired                          0x20000008   Data           1  main.o(.data)
    both_fired                               0x20000009   Data           1  main.o(.data)
    blue_on                                  0x2000000b   Data           1  main.o(.data)
    s_timer_sync_done                        0x2000000d   Data           1  main.o(.data)
    s_boot_blink_en                          0x2000000e   Data           1  main.o(.data)
    val                                      0x2000000f   Data           1  main.o(.data)
    pb3_down_tick                            0x20000014   Data           4  main.o(.data)
    pb12_down_tick                           0x20000018   Data           4  main.o(.data)
    pb3_last_change                          0x2000001c   Data           4  main.o(.data)
    pb12_last_change                         0x20000020   Data           4  main.o(.data)
    both_down_tick                           0x20000024   Data           4  main.o(.data)
    precharge_tick                           0x20000028   Data           4  main.o(.data)
    blue_tick                                0x2000002c   Data           4  main.o(.data)
    s_last_sync_req_ms                       0x20000030   Data           4  main.o(.data)
    s_boot_tick                              0x20000034   Data           4  main.o(.data)
    last_ms                                  0x20000038   Data           4  main.o(.data)
    s_boot_blink_start_ms                    0x2000003c   Data           4  main.o(.data)
    s_boot_blink_last_toggle_ms              0x20000040   Data           4  main.o(.data)
    .data                                    0x20000044   Section       40  timer_manager.o(.data)
    count                                    0x20000048   Data           2  timer_manager.o(.data)
    weekdays                                 0x2000004c   Data          32  timer_manager.o(.data)
    .data                                    0x2000006c   Section        4  system_stm32l0xx.o(.data)
    .data                                    0x20000070   Section       11  mcu_api.o(.data)
    current_uart_rev_state_type              0x20000070   Data           1  mcu_api.o(.data)
    uart_data_len                            0x20000072   Data           2  mcu_api.o(.data)
    UART_RX_Count                            0x20000074   Data           2  mcu_api.o(.data)
    rx_in                                    0x20000076   Data           2  mcu_api.o(.data)
    bt_uart_rx_buf_temp                      0x20000078   Data           3  mcu_api.o(.data)
    .data                                    0x2000007b   Section        1  protocol.o(.data)
    .data                                    0x2000007c   Section       12  system.o(.data)
    mcu_reset_state                          0x2000007c   Data           1  system.o(.data)
    .data                                    0x20000088   Section        1  system.o(.data)
    .data                                    0x2000008c   Section        4  stm32l0xx_hal.o(.data)
    .data                                    0x20000090   Section       48  irrigation.o(.data)
    s_manual_has_cmd                         0x20000090   Data           1  irrigation.o(.data)
    s_manual_on                              0x20000091   Data           1  irrigation.o(.data)
    s_cyc_phase                              0x20000092   Data           1  irrigation.o(.data)
    s_rain_blocking                          0x20000093   Data           1  irrigation.o(.data)
    irr_timer_status                         0x20000094   Data           1  irrigation.o(.data)
    div                                      0x20000095   Data           1  irrigation.o(.data)
    last                                     0x20000096   Data           1  irrigation.o(.data)
    isopenflag                               0x20000097   Data           1  irrigation.o(.data)
    Starttimesec                             0x20000098   Data           4  irrigation.o(.data)
    s_last_timer_fire_daykey                 0x2000009c   Data           4  irrigation.o(.data)
    s_last_cycle_enter_daykey                0x200000a0   Data           4  irrigation.o(.data)
    s_irrigation_start_tick                  0x200000a4   Data           4  irrigation.o(.data)
    s_irrigation_actual_sec                  0x200000a8   Data           4  irrigation.o(.data)
    last_report_val                          0x200000ac   Data           4  irrigation.o(.data)
    start_time                               0x200000b0   Data           4  irrigation.o(.data)
    end_time                                 0x200000b4   Data           4  irrigation.o(.data)
    s_rt                                     0x200000b8   Data           8  irrigation.o(.data)
    .data                                    0x200000c0   Section       20  irrigation_cfg.o(.data)
    s_once_start_cmd                         0x200000c0   Data           1  irrigation_cfg.o(.data)
    s_once_duration_min                      0x200000c2   Data           2  irrigation_cfg.o(.data)
    s_timer_cfg                              0x200000c4   Data           8  irrigation_cfg.o(.data)
    s_weather_cfg                            0x200000cc   Data           8  irrigation_cfg.o(.data)
    .data                                    0x200000d4   Section        4  time_keeper.o(.data)
    s_need_sync                              0x200000d4   Data           1  time_keeper.o(.data)
    g_time_valid                             0x200000d5   Data           1  time_keeper.o(.data)
    g_tz_min                                 0x200000d6   Data           2  time_keeper.o(.data)
    .data                                    0x200000d8   Section        1  valve.o(.data)
    s_valve_state                            0x200000d8   Data           1  valve.o(.data)
    .bss                                     0x200000dc   Section      140  timer_manager.o(.bss)
    g_timers                                 0x200000dc   Data         112  timer_manager.o(.bss)
    g_cycle_timers                           0x2000014c   Data          28  timer_manager.o(.bss)
    .bss                                     0x20000168   Section       92  adc.o(.bss)
    .bss                                     0x200001c4   Section       36  rtc.o(.bss)
    .bss                                     0x200001e8   Section      256  usart.o(.bss)
    .bss                                     0x200002e8   Section      229  system.o(.bss)
    .bss                                     0x200003d0   Section       24  stm32l0xx_hal_flash.o(.bss)
    STACK                                    0x200003e8   Section     4096  startup_stm32l051xx.o(STACK)

    Global Symbols

    Symbol Name                              Value     Ov Type        Size  Object(Section)

    BuildAttributes$$THM_ISAv3M$S$PE$A:L22$X:L11$S22$IEEE1$IW$USESV6$~STKCKD$USESV7$~SHL$OTIME$ROPI$EBA8$MICROLIB$REQ8$PRES8$EABIv2 0x00000000   Number         0  anon$$obj.o ABSOLUTE
    __ARM_use_no_argv                        0x00000000   Number         0  main.o ABSOLUTE
    __use_no_errno                           0x00000000   Number         0  useno.o ABSOLUTE
    __use_no_exception_handling              0x00000000   Number         0  useno.o ABSOLUTE
    __use_no_fp                              0x00000000   Number         0  useno.o ABSOLUTE
    __use_no_heap                            0x00000000   Number         0  useno.o ABSOLUTE
    __use_no_heap_region                     0x00000000   Number         0  useno.o ABSOLUTE
    __use_no_semihosting                     0x00000000   Number         0  useno.o ABSOLUTE
    __use_no_semihosting_swi                 0x00000000   Number         0  useno.o ABSOLUTE
    __use_no_signal_handling                 0x00000000   Number         0  useno.o ABSOLUTE
    _printf_a                                0x00000000   Number         0  stubs.o ABSOLUTE
    _printf_c                                0x00000000   Number         0  stubs.o ABSOLUTE
    _printf_charcount                        0x00000000   Number         0  stubs.o ABSOLUTE
    _printf_d                                0x00000000   Number         0  stubs.o ABSOLUTE
    _printf_e                                0x00000000   Number         0  stubs.o ABSOLUTE
    _printf_f                                0x00000000   Number         0  stubs.o ABSOLUTE
    _printf_flags                            0x00000000   Number         0  stubs.o ABSOLUTE
    _printf_fp_dec                           0x00000000   Number         0  stubs.o ABSOLUTE
    _printf_fp_hex                           0x00000000   Number         0  stubs.o ABSOLUTE
    _printf_g                                0x00000000   Number         0  stubs.o ABSOLUTE
    _printf_i                                0x00000000   Number         0  stubs.o ABSOLUTE
    _printf_int_dec                          0x00000000   Number         0  stubs.o ABSOLUTE
    _printf_l                                0x00000000   Number         0  stubs.o ABSOLUTE
    _printf_lc                               0x00000000   Number         0  stubs.o ABSOLUTE
    _printf_ll                               0x00000000   Number         0  stubs.o ABSOLUTE
    _printf_lld                              0x00000000   Number         0  stubs.o ABSOLUTE
    _printf_lli                              0x00000000   Number         0  stubs.o ABSOLUTE
    _printf_llo                              0x00000000   Number         0  stubs.o ABSOLUTE
    _printf_llu                              0x00000000   Number         0  stubs.o ABSOLUTE
    _printf_llx                              0x00000000   Number         0  stubs.o ABSOLUTE
    _printf_longlong_dec                     0x00000000   Number         0  stubs.o ABSOLUTE
    _printf_longlong_hex                     0x00000000   Number         0  stubs.o ABSOLUTE
    _printf_longlong_oct                     0x00000000   Number         0  stubs.o ABSOLUTE
    _printf_ls                               0x00000000   Number         0  stubs.o ABSOLUTE
    _printf_mbtowc                           0x00000000   Number         0  stubs.o ABSOLUTE
    _printf_n                                0x00000000   Number         0  stubs.o ABSOLUTE
    _printf_o                                0x00000000   Number         0  stubs.o ABSOLUTE
    _printf_p                                0x00000000   Number         0  stubs.o ABSOLUTE
    _printf_percent                          0x00000000   Number         0  stubs.o ABSOLUTE
    _printf_pre_padding                      0x00000000   Number         0  stubs.o ABSOLUTE
    _printf_return_value                     0x00000000   Number         0  stubs.o ABSOLUTE
    _printf_s                                0x00000000   Number         0  stubs.o ABSOLUTE
    _printf_sizespec                         0x00000000   Number         0  stubs.o ABSOLUTE
    _printf_str                              0x00000000   Number         0  stubs.o ABSOLUTE
    _printf_truncate_signed                  0x00000000   Number         0  stubs.o ABSOLUTE
    _printf_truncate_unsigned                0x00000000   Number         0  stubs.o ABSOLUTE
    _printf_u                                0x00000000   Number         0  stubs.o ABSOLUTE
    _printf_wc                               0x00000000   Number         0  stubs.o ABSOLUTE
    _printf_wctomb                           0x00000000   Number         0  stubs.o ABSOLUTE
    _printf_widthprec                        0x00000000   Number         0  stubs.o ABSOLUTE
    _printf_x                                0x00000000   Number         0  stubs.o ABSOLUTE
    __cpp_initialize__aeabi_                  - Undefined Weak Reference
    __cxa_finalize                            - Undefined Weak Reference
    __decompress                              - Undefined Weak Reference
    _clock_init                               - Undefined Weak Reference
    _microlib_exit                            - Undefined Weak Reference
    __Vectors_Size                           0x000000c0   Number         0  startup_stm32l051xx.o ABSOLUTE
    __Vectors                                0x08000000   Data           4  startup_stm32l051xx.o(RESET)
    __Vectors_End                            0x080000c0   Data           0  startup_stm32l051xx.o(RESET)
    __main                                   0x080000c1   Thumb Code     0  entry.o(.ARM.Collect$$$$00000000)
    _main_stk                                0x080000c1   Thumb Code     0  entry2.o(.ARM.Collect$$$$00000001)
    _main_scatterload                        0x080000c5   Thumb Code     0  entry5.o(.ARM.Collect$$$$00000004)
    __main_after_scatterload                 0x080000c9   Thumb Code     0  entry5.o(.ARM.Collect$$$$00000004)
    _main_clock                              0x080000c9   Thumb Code     0  entry7b.o(.ARM.Collect$$$$00000008)
    _main_cpp_init                           0x080000c9   Thumb Code     0  entry8b.o(.ARM.Collect$$$$0000000A)
    _main_init                               0x080000c9   Thumb Code     0  entry9a.o(.ARM.Collect$$$$0000000B)
    __rt_final_cpp                           0x080000d1   Thumb Code     0  entry10a.o(.ARM.Collect$$$$0000000D)
    __rt_final_exit                          0x080000d1   Thumb Code     0  entry11a.o(.ARM.Collect$$$$0000000F)
    Reset_Handler                            0x080000d5   Thumb Code     8  startup_stm32l051xx.o(.text)
    ADC1_COMP_IRQHandler                     0x080000e7   Thumb Code     0  startup_stm32l051xx.o(.text)
    DMA1_Channel1_IRQHandler                 0x080000e7   Thumb Code     0  startup_stm32l051xx.o(.text)
    DMA1_Channel2_3_IRQHandler               0x080000e7   Thumb Code     0  startup_stm32l051xx.o(.text)
    DMA1_Channel4_5_6_7_IRQHandler           0x080000e7   Thumb Code     0  startup_stm32l051xx.o(.text)
    EXTI0_1_IRQHandler                       0x080000e7   Thumb Code     0  startup_stm32l051xx.o(.text)
    FLASH_IRQHandler                         0x080000e7   Thumb Code     0  startup_stm32l051xx.o(.text)
    I2C1_IRQHandler                          0x080000e7   Thumb Code     0  startup_stm32l051xx.o(.text)
    I2C2_IRQHandler                          0x080000e7   Thumb Code     0  startup_stm32l051xx.o(.text)
    LPTIM1_IRQHandler                        0x080000e7   Thumb Code     0  startup_stm32l051xx.o(.text)
    LPUART1_IRQHandler                       0x080000e7   Thumb Code     0  startup_stm32l051xx.o(.text)
    PVD_IRQHandler                           0x080000e7   Thumb Code     0  startup_stm32l051xx.o(.text)
    RCC_IRQHandler                           0x080000e7   Thumb Code     0  startup_stm32l051xx.o(.text)
    SPI1_IRQHandler                          0x080000e7   Thumb Code     0  startup_stm32l051xx.o(.text)
    SPI2_IRQHandler                          0x080000e7   Thumb Code     0  startup_stm32l051xx.o(.text)
    TIM21_IRQHandler                         0x080000e7   Thumb Code     0  startup_stm32l051xx.o(.text)
    TIM22_IRQHandler                         0x080000e7   Thumb Code     0  startup_stm32l051xx.o(.text)
    TIM2_IRQHandler                          0x080000e7   Thumb Code     0  startup_stm32l051xx.o(.text)
    TIM6_IRQHandler                          0x080000e7   Thumb Code     0  startup_stm32l051xx.o(.text)
    USART2_IRQHandler                        0x080000e7   Thumb Code     0  startup_stm32l051xx.o(.text)
    WWDG_IRQHandler                          0x080000e7   Thumb Code     0  startup_stm32l051xx.o(.text)
    __aeabi_uidiv                            0x080000f1   Thumb Code     0  uidiv.o(.text)
    __aeabi_uidivmod                         0x080000f1   Thumb Code    44  uidiv.o(.text)
    __aeabi_idiv                             0x0800011d   Thumb Code     0  idiv.o(.text)
    __aeabi_idivmod                          0x0800011d   Thumb Code    40  idiv.o(.text)
    __aeabi_uldivmod                         0x08000145   Thumb Code    96  uldiv.o(.text)
    mktime                                   0x080001a5   Thumb Code   124  mktime.o(.text)
    __aeabi_memcpy                           0x08000231   Thumb Code    36  memcpya.o(.text)
    __aeabi_memcpy4                          0x08000231   Thumb Code     0  memcpya.o(.text)
    __aeabi_memcpy8                          0x08000231   Thumb Code     0  memcpya.o(.text)
    __aeabi_memset                           0x08000255   Thumb Code    14  memseta.o(.text)
    __aeabi_memset4                          0x08000255   Thumb Code     0  memseta.o(.text)
    __aeabi_memset8                          0x08000255   Thumb Code     0  memseta.o(.text)
    __aeabi_memclr                           0x08000263   Thumb Code     4  memseta.o(.text)
    __aeabi_memclr4                          0x08000263   Thumb Code     0  memseta.o(.text)
    __aeabi_memclr8                          0x08000263   Thumb Code     0  memseta.o(.text)
    _memset$wrapper                          0x08000267   Thumb Code    18  memseta.o(.text)
    strlen                                   0x08000279   Thumb Code    14  strlen.o(.text)
    __aeabi_fadd                             0x08000287   Thumb Code   162  fadd.o(.text)
    __aeabi_fsub                             0x08000329   Thumb Code     8  fadd.o(.text)
    __aeabi_frsub                            0x08000331   Thumb Code     8  fadd.o(.text)
    __aeabi_fmul                             0x08000339   Thumb Code   122  fmul.o(.text)
    __aeabi_fdiv                             0x080003b3   Thumb Code   124  fdiv.o(.text)
    __aeabi_dmul                             0x08000431   Thumb Code   202  dmul.o(.text)
    __aeabi_ui2f                             0x08000501   Thumb Code    14  ffltui.o(.text)
    __aeabi_f2uiz                            0x0800050f   Thumb Code    40  ffixui.o(.text)
    __aeabi_f2d                              0x08000537   Thumb Code    40  f2d.o(.text)
    __aeabi_d2f                              0x0800055f   Thumb Code    56  d2f.o(.text)
    __aeabi_llsl                             0x08000597   Thumb Code    32  llshl.o(.text)
    _ll_shift_l                              0x08000597   Thumb Code     0  llshl.o(.text)
    __aeabi_llsr                             0x080005b7   Thumb Code    34  llushr.o(.text)
    _ll_ushift_r                             0x080005b7   Thumb Code     0  llushr.o(.text)
    _localtime                               0x080005d9   Thumb Code   104  localtime_i.o(.text)
    __I$use$fp                               0x0800064d   Thumb Code     0  iusefp.o(.text)
    _float_round                             0x0800064d   Thumb Code    16  fepilogue.o(.text)
    _float_epilogue                          0x0800065d   Thumb Code   114  fepilogue.o(.text)
    _double_round                            0x080006cf   Thumb Code    26  depilogue.o(.text)
    _double_epilogue                         0x080006e9   Thumb Code   164  depilogue.o(.text)
    __aeabi_dadd                             0x0800078d   Thumb Code   328  dadd.o(.text)
    __aeabi_dsub                             0x080008d5   Thumb Code    12  dadd.o(.text)
    __aeabi_drsub                            0x080008e1   Thumb Code    12  dadd.o(.text)
    __aeabi_ddiv                             0x080008f1   Thumb Code   234  ddiv.o(.text)
    __aeabi_d2ulz                            0x080009e1   Thumb Code    54  dfixul.o(.text)
    __aeabi_cdrcmple                         0x08000a21   Thumb Code    38  cdrcmple.o(.text)
    __scatterload                            0x08000a49   Thumb Code    28  init.o(.text)
    __scatterload_rt2                        0x08000a49   Thumb Code     0  init.o(.text)
    __aeabi_lasr                             0x08000a6d   Thumb Code    38  llsshr.o(.text)
    _ll_sshift_r                             0x08000a6d   Thumb Code     0  llsshr.o(.text)
    ADC_Get_Battery_Percentage               0x08000c11   Thumb Code   140  adc.o(i.ADC_Get_Battery_Percentage)
    ADC_Get_Battery_Voltage                  0x08000cc9   Thumb Code    70  adc.o(i.ADC_Get_Battery_Voltage)
    ADC_Get_Raw_Value                        0x08000d21   Thumb Code    52  adc.o(i.ADC_Get_Raw_Value)
    CycleTimer_GetNearest                    0x08000dbd   Thumb Code   182  timer_manager.o(i.CycleTimer_GetNearest)
    CycleTimer_NeedRun                       0x08000e7d   Thumb Code   128  timer_manager.o(i.CycleTimer_NeedRun)
    Cycle_Delete                             0x08000f01   Thumb Code    44  timer_manager.o(i.Cycle_Delete)
    Cycle_GetList                            0x08000f31   Thumb Code   294  timer_manager.o(i.Cycle_GetList)
    Cycle_Init                               0x0800105d   Thumb Code    46  timer_manager.o(i.Cycle_Init)
    Cycle_ModifyFromServer                   0x08001095   Thumb Code   244  timer_manager.o(i.Cycle_ModifyFromServer)
    Cycle_Store                              0x0800118d   Thumb Code   202  timer_manager.o(i.Cycle_Store)
    EXTI2_3_IRQHandler                       0x080012c5   Thumb Code    18  stm32l0xx_it.o(i.EXTI2_3_IRQHandler)
    EXTI4_15_IRQHandler                      0x080012dd   Thumb Code    32  stm32l0xx_it.o(i.EXTI4_15_IRQHandler)
    Error_Handler                            0x08001301   Thumb Code     2  main.o(i.Error_Handler)
    FLASH_WaitForLastOperation               0x0800148d   Thumb Code   110  stm32l0xx_hal_flash.o(i.FLASH_WaitForLastOperation)
    Getnowsec                                0x08001501   Thumb Code    44  rtc.o(i.Getnowsec)
    HAL_ADCEx_Calibration_Start              0x08001531   Thumb Code   176  stm32l0xx_hal_adc_ex.o(i.HAL_ADCEx_Calibration_Start)
    HAL_ADC_ConfigChannel                    0x080015e1   Thumb Code   146  stm32l0xx_hal_adc.o(i.HAL_ADC_ConfigChannel)
    HAL_ADC_DeInit                           0x0800167d   Thumb Code   166  stm32l0xx_hal_adc.o(i.HAL_ADC_DeInit)
    HAL_ADC_GetValue                         0x08001735   Thumb Code     6  stm32l0xx_hal_adc.o(i.HAL_ADC_GetValue)
    HAL_ADC_Init                             0x0800173d   Thumb Code   452  stm32l0xx_hal_adc.o(i.HAL_ADC_Init)
    HAL_ADC_MspDeInit                        0x08001909   Thumb Code    30  adc.o(i.HAL_ADC_MspDeInit)
    HAL_ADC_MspInit                          0x08001935   Thumb Code    70  adc.o(i.HAL_ADC_MspInit)
    HAL_ADC_PollForConversion                0x08001989   Thumb Code   198  stm32l0xx_hal_adc.o(i.HAL_ADC_PollForConversion)
    HAL_ADC_Start                            0x08001a51   Thumb Code    90  stm32l0xx_hal_adc.o(i.HAL_ADC_Start)
    HAL_ADC_Stop                             0x08001ab1   Thumb Code    62  stm32l0xx_hal_adc.o(i.HAL_ADC_Stop)
    HAL_DBGMCU_DisableDBGStopMode            0x08001af1   Thumb Code    12  stm32l0xx_hal.o(i.HAL_DBGMCU_DisableDBGStopMode)
    HAL_DMA_Abort_IT                         0x08001b01   Thumb Code    76  stm32l0xx_hal_dma.o(i.HAL_DMA_Abort_IT)
    HAL_Delay                                0x08001b4d   Thumb Code    28  stm32l0xx_hal.o(i.HAL_Delay)
    HAL_FLASHEx_DATAEEPROM_Lock              0x08001b69   Thumb Code    14  stm32l0xx_hal_flash_ex.o(i.HAL_FLASHEx_DATAEEPROM_Lock)
    HAL_FLASHEx_DATAEEPROM_Program           0x08001b7d   Thumb Code    82  stm32l0xx_hal_flash_ex.o(i.HAL_FLASHEx_DATAEEPROM_Program)
    HAL_FLASHEx_DATAEEPROM_Unlock            0x08001bd9   Thumb Code    40  stm32l0xx_hal_flash_ex.o(i.HAL_FLASHEx_DATAEEPROM_Unlock)
    HAL_GPIO_DeInit                          0x08001c0d   Thumb Code   200  stm32l0xx_hal_gpio.o(i.HAL_GPIO_DeInit)
    HAL_GPIO_EXTI_Callback                   0x08001ced   Thumb Code    54  main.o(i.HAL_GPIO_EXTI_Callback)
    HAL_GPIO_EXTI_IRQHandler                 0x08001d2d   Thumb Code    18  stm32l0xx_hal_gpio.o(i.HAL_GPIO_EXTI_IRQHandler)
    HAL_GPIO_Init                            0x08001d45   Thumb Code   320  stm32l0xx_hal_gpio.o(i.HAL_GPIO_Init)
    HAL_GPIO_ReadPin                         0x08001ea1   Thumb Code    14  stm32l0xx_hal_gpio.o(i.HAL_GPIO_ReadPin)
    HAL_GPIO_TogglePin                       0x08001eaf   Thumb Code     8  stm32l0xx_hal_gpio.o(i.HAL_GPIO_TogglePin)
    HAL_GPIO_WritePin                        0x08001eb7   Thumb Code    12  stm32l0xx_hal_gpio.o(i.HAL_GPIO_WritePin)
    HAL_GetTick                              0x08001ec5   Thumb Code     6  stm32l0xx_hal.o(i.HAL_GetTick)
    HAL_IncTick                              0x08001ed1   Thumb Code    10  stm32l0xx_hal.o(i.HAL_IncTick)
    HAL_Init                                 0x08001ee1   Thumb Code    36  stm32l0xx_hal.o(i.HAL_Init)
    HAL_InitTick                             0x08001f09   Thumb Code    44  stm32l0xx_hal.o(i.HAL_InitTick)
    HAL_MspInit                              0x08001f39   Thumb Code    20  stm32l0xx_hal_msp.o(i.HAL_MspInit)
    HAL_NVIC_ClearPendingIRQ                 0x08001f51   Thumb Code    14  stm32l0xx_hal_cortex.o(i.HAL_NVIC_ClearPendingIRQ)
    HAL_NVIC_DisableIRQ                      0x08001f65   Thumb Code    14  stm32l0xx_hal_cortex.o(i.HAL_NVIC_DisableIRQ)
    HAL_NVIC_EnableIRQ                       0x08001f79   Thumb Code    14  stm32l0xx_hal_cortex.o(i.HAL_NVIC_EnableIRQ)
    HAL_NVIC_SetPriority                     0x08001f8d   Thumb Code    60  stm32l0xx_hal_cortex.o(i.HAL_NVIC_SetPriority)
    HAL_PWREx_EnableFastWakeUp               0x08001fd1   Thumb Code    12  stm32l0xx_hal_pwr_ex.o(i.HAL_PWREx_EnableFastWakeUp)
    HAL_PWREx_EnableUltraLowPower            0x08001fe1   Thumb Code    12  stm32l0xx_hal_pwr_ex.o(i.HAL_PWREx_EnableUltraLowPower)
    HAL_PWR_EnableBkUpAccess                 0x08001ff1   Thumb Code    12  stm32l0xx_hal_pwr.o(i.HAL_PWR_EnableBkUpAccess)
    HAL_PWR_EnterSTOPMode                    0x08002001   Thumb Code    44  stm32l0xx_hal_pwr.o(i.HAL_PWR_EnterSTOPMode)
    HAL_RCCEx_PeriphCLKConfig                0x08002035   Thumb Code   360  stm32l0xx_hal_rcc_ex.o(i.HAL_RCCEx_PeriphCLKConfig)
    HAL_RCC_ClockConfig                      0x080021ad   Thumb Code   418  stm32l0xx_hal_rcc.o(i.HAL_RCC_ClockConfig)
    HAL_RCC_GetHCLKFreq                      0x08002365   Thumb Code     6  stm32l0xx_hal_rcc.o(i.HAL_RCC_GetHCLKFreq)
    HAL_RCC_GetPCLK1Freq                     0x08002371   Thumb Code    22  stm32l0xx_hal_rcc.o(i.HAL_RCC_GetPCLK1Freq)
    HAL_RCC_GetPCLK2Freq                     0x08002391   Thumb Code    22  stm32l0xx_hal_rcc.o(i.HAL_RCC_GetPCLK2Freq)
    HAL_RCC_GetSysClockFreq                  0x080023b1   Thumb Code   114  stm32l0xx_hal_rcc.o(i.HAL_RCC_GetSysClockFreq)
    HAL_RCC_OscConfig                        0x08002439   Thumb Code  1256  stm32l0xx_hal_rcc.o(i.HAL_RCC_OscConfig)
    HAL_RTCEx_AlarmBEventCallback            0x08002921   Thumb Code     2  stm32l0xx_hal_rtc_ex.o(i.HAL_RTCEx_AlarmBEventCallback)
    HAL_RTC_AlarmAEventCallback              0x08002925   Thumb Code    12  main.o(i.HAL_RTC_AlarmAEventCallback)
    HAL_RTC_AlarmIRQHandler                  0x08002935   Thumb Code    88  stm32l0xx_hal_rtc.o(i.HAL_RTC_AlarmIRQHandler)
    HAL_RTC_GetDate                          0x08002995   Thumb Code    64  stm32l0xx_hal_rtc.o(i.HAL_RTC_GetDate)
    HAL_RTC_GetTime                          0x080029d9   Thumb Code    84  stm32l0xx_hal_rtc.o(i.HAL_RTC_GetTime)
    HAL_RTC_Init                             0x08002a31   Thumb Code   198  stm32l0xx_hal_rtc.o(i.HAL_RTC_Init)
    HAL_RTC_MspInit                          0x08002afd   Thumb Code    40  rtc.o(i.HAL_RTC_MspInit)
    HAL_RTC_SetAlarm_IT                      0x08002b2d   Thumb Code   430  stm32l0xx_hal_rtc.o(i.HAL_RTC_SetAlarm_IT)
    HAL_RTC_SetDate                          0x08002ce5   Thumb Code   214  stm32l0xx_hal_rtc.o(i.HAL_RTC_SetDate)
    HAL_RTC_SetTime                          0x08002dc1   Thumb Code   246  stm32l0xx_hal_rtc.o(i.HAL_RTC_SetTime)
    HAL_RTC_WaitForSynchro                   0x08002ebd   Thumb Code    58  stm32l0xx_hal_rtc.o(i.HAL_RTC_WaitForSynchro)
    HAL_SYSTICK_Config                       0x08002ef9   Thumb Code    46  stm32l0xx_hal_cortex.o(i.HAL_SYSTICK_Config)
    HAL_UARTEx_WakeupCallback                0x08002f35   Thumb Code     2  stm32l0xx_hal_uart_ex.o(i.HAL_UARTEx_WakeupCallback)
    HAL_UART_ErrorCallback                   0x08002f37   Thumb Code     2  stm32l0xx_hal_uart.o(i.HAL_UART_ErrorCallback)
    HAL_UART_IRQHandler                      0x08002f39   Thumb Code   316  stm32l0xx_hal_uart.o(i.HAL_UART_IRQHandler)
    HAL_UART_Init                            0x08003079   Thumb Code   112  stm32l0xx_hal_uart.o(i.HAL_UART_Init)
    HAL_UART_MspInit                         0x080030e9   Thumb Code   164  usart.o(i.HAL_UART_MspInit)
    HAL_UART_Receive_IT                      0x08003199   Thumb Code   216  stm32l0xx_hal_uart.o(i.HAL_UART_Receive_IT)
    HAL_UART_RxCpltCallback                  0x0800327d   Thumb Code    78  main.o(i.HAL_UART_RxCpltCallback)
    HAL_UART_TxCpltCallback                  0x080032d9   Thumb Code     2  stm32l0xx_hal_uart.o(i.HAL_UART_TxCpltCallback)
    HardFault_Handler                        0x080032db   Thumb Code     2  stm32l0xx_it.o(i.HardFault_Handler)
    Irrigation_DeleteAllTimers               0x080032dd   Thumb Code    10  irrigation.o(i.Irrigation_DeleteAllTimers)
    Irrigation_GetMode                       0x080032e9   Thumb Code    62  irrigation.o(i.Irrigation_GetMode)
    Irrigation_Init                          0x0800332d   Thumb Code    42  irrigation.o(i.Irrigation_Init)
    Irrigation_OnManualCmd                   0x0800335d   Thumb Code    16  irrigation.o(i.Irrigation_OnManualCmd)
    Irrigation_ReportIdleStatus              0x08003371   Thumb Code    32  irrigation.o(i.Irrigation_ReportIdleStatus)
    Irrigation_SetOnceDurationMin            0x08003391   Thumb Code    24  irrigation_cfg.o(i.Irrigation_SetOnceDurationMin)
    Irrigation_SetWeatherDelaySel            0x080033ad   Thumb Code    12  irrigation_cfg.o(i.Irrigation_SetWeatherDelaySel)
    Irrigation_SetWeatherEnable              0x080033bd   Thumb Code    12  irrigation_cfg.o(i.Irrigation_SetWeatherEnable)
    Irrigation_SetWeatherRainSnow            0x080033cd   Thumb Code    12  irrigation_cfg.o(i.Irrigation_SetWeatherRainSnow)
    Irrigation_StartOnce                     0x080033dd   Thumb Code     8  irrigation_cfg.o(i.Irrigation_StartOnce)
    Irrigation_StopAll                       0x080033e9   Thumb Code    88  irrigation.o(i.Irrigation_StopAll)
    Irrigation_Tick_1s                       0x08003445   Thumb Code   542  irrigation.o(i.Irrigation_Tick_1s)
    MX_ADC_Init                              0x08003879   Thumb Code   108  adc.o(i.MX_ADC_Init)
    MX_GPIO_Init                             0x080038f1   Thumb Code   202  gpio.o(i.MX_GPIO_Init)
    MX_RTC_Init                              0x080039d1   Thumb Code    42  rtc.o(i.MX_RTC_Init)
    MX_USART1_UART_Init                      0x08003a05   Thumb Code    60  usart.o(i.MX_USART1_UART_Init)
    MX_USART2_UART_Init                      0x08003a49   Thumb Code    44  usart.o(i.MX_USART2_UART_Init)
    MyRTC_GetUnixTimestamp                   0x08003a7d   Thumb Code    74  time_keeper.o(i.MyRTC_GetUnixTimestamp)
    NMI_Handler                              0x08003ac7   Thumb Code     2  stm32l0xx_it.o(i.NMI_Handler)
    OnWaterComplete                          0x08003ac9   Thumb Code   148  timer_manager.o(i.OnWaterComplete)
    PendSV_Handler                           0x08003b65   Thumb Code     2  stm32l0xx_it.o(i.PendSV_Handler)
    Queue_Read_Byte                          0x08003bb9   Thumb Code    32  system.o(i.Queue_Read_Byte)
    RTC_Bcd2ToByte                           0x08003be1   Thumb Code    16  stm32l0xx_hal_rtc.o(i.RTC_Bcd2ToByte)
    RTC_ByteToBcd2                           0x08003bf1   Thumb Code    24  stm32l0xx_hal_rtc.o(i.RTC_ByteToBcd2)
    RTC_EnterInitMode                        0x08003c09   Thumb Code    62  stm32l0xx_hal_rtc.o(i.RTC_EnterInitMode)
    RTC_IRQHandler                           0x08003c49   Thumb Code    18  stm32l0xx_it.o(i.RTC_IRQHandler)
    SVC_Handler                              0x08003c65   Thumb Code     2  stm32l0xx_it.o(i.SVC_Handler)
    SaveCycleToEEPROM                        0x08003c69   Thumb Code    44  timer_manager.o(i.SaveCycleToEEPROM)
    SaveSlot                                 0x08003c9d   Thumb Code    30  timer_manager.o(i.SaveSlot)
    SysTick_Handler                          0x08003cc5   Thumb Code     8  stm32l0xx_it.o(i.SysTick_Handler)
    SystemClock_Config                       0x08003ccd   Thumb Code   134  main.o(i.SystemClock_Config)
    SystemInit                               0x08003d5d   Thumb Code    66  system_stm32l0xx.o(i.SystemInit)
    TimeKeeper_ClearNeedSync                 0x08003ec1   Thumb Code     8  time_keeper.o(i.TimeKeeper_ClearNeedSync)
    TimeKeeper_Get                           0x08003ecd   Thumb Code    94  time_keeper.o(i.TimeKeeper_Get)
    TimeKeeper_GetTime                       0x08003f31   Thumb Code    72  time_keeper.o(i.TimeKeeper_GetTime)
    TimeKeeper_Init                          0x08003f79   Thumb Code    10  time_keeper.o(i.TimeKeeper_Init)
    TimeKeeper_Invalidate                    0x08003f89   Thumb Code     8  time_keeper.o(i.TimeKeeper_Invalidate)
    TimeKeeper_IsValid                       0x08003f95   Thumb Code     6  time_keeper.o(i.TimeKeeper_IsValid)
    TimeKeeper_MarkNeedSync                  0x08003fa1   Thumb Code     8  time_keeper.o(i.TimeKeeper_MarkNeedSync)
    TimeKeeper_NeedSync                      0x08003fad   Thumb Code     6  time_keeper.o(i.TimeKeeper_NeedSync)
    TimeKeeper_OnTimeSyncCustom              0x08003fb9   Thumb Code    98  time_keeper.o(i.TimeKeeper_OnTimeSyncCustom)
    TimeKeeper_RequestSync                   0x08004021   Thumb Code     8  time_keeper.o(i.TimeKeeper_RequestSync)
    TimeKeeper_ToEpochSec                    0x08004029   Thumb Code   186  time_keeper.o(i.TimeKeeper_ToEpochSec)
    Timer_Delete                             0x080041d5   Thumb Code    22  timer_manager.o(i.Timer_Delete)
    Timer_FindSlotByID                       0x080041ed   Thumb Code    30  timer_manager.o(i.Timer_FindSlotByID)
    Timer_GetList                            0x08004211   Thumb Code    90  timer_manager.o(i.Timer_GetList)
    Timer_GetNearest                         0x08004271   Thumb Code   182  timer_manager.o(i.Timer_GetNearest)
    Timer_GetNearestAll                      0x08004331   Thumb Code   398  timer_manager.o(i.Timer_GetNearestAll)
    Timer_Init                               0x080044c5   Thumb Code   122  timer_manager.o(i.Timer_Init)
    Timer_Modify                             0x0800454d   Thumb Code   112  timer_manager.o(i.Timer_Modify)
    Timer_NeedRun                            0x080045c1   Thumb Code   122  timer_manager.o(i.Timer_NeedRun)
    Timer_SetAlarmByNearest                  0x08004641   Thumb Code   220  timer_manager.o(i.Timer_SetAlarmByNearest)
    Timer_Store                              0x08004745   Thumb Code   136  timer_manager.o(i.Timer_Store)
    UART1_SendByte                           0x08004861   Thumb Code    12  usart.o(i.UART1_SendByte)
    UART2_SendByte                           0x08004871   Thumb Code    12  usart.o(i.UART2_SendByte)
    UART2_SendString                         0x08004881   Thumb Code    20  usart.o(i.UART2_SendString)
    UART_AdvFeatureConfig                    0x08004895   Thumb Code   204  stm32l0xx_hal_uart.o(i.UART_AdvFeatureConfig)
    UART_CheckIdleState                      0x08004961   Thumb Code    94  stm32l0xx_hal_uart.o(i.UART_CheckIdleState)
    UART_SetConfig                           0x08004ac5   Thumb Code   696  stm32l0xx_hal_uart.o(i.UART_SetConfig)
    UART_WaitOnFlagUntilTimeout              0x08004db1   Thumb Code   118  stm32l0xx_hal_uart.o(i.UART_WaitOnFlagUntilTimeout)
    USART1_IRQHandler                        0x08004e29   Thumb Code    10  stm32l0xx_it.o(i.USART1_IRQHandler)
    Valve_Close                              0x08004e39   Thumb Code    40  valve.o(i.Valve_Close)
    Valve_GetState                           0x08004e65   Thumb Code     6  valve.o(i.Valve_GetState)
    Valve_Init                               0x08004e71   Thumb Code     8  valve.o(i.Valve_Init)
    Valve_Open                               0x08004e7d   Thumb Code    40  valve.o(i.Valve_Open)
    Valve_SetState                           0x08004ea9   Thumb Code    32  valve.o(i.Valve_SetState)
    _IrrCfg_GetOnceDurationMin               0x08004ecd   Thumb Code     6  irrigation_cfg.o(i._IrrCfg_GetOnceDurationMin)
    _IrrCfg_GetWeather                       0x08004ed9   Thumb Code    10  irrigation_cfg.o(i._IrrCfg_GetWeather)
    _IrrCfg_PopOnceStartCmd                  0x08004ee9   Thumb Code    10  irrigation_cfg.o(i._IrrCfg_PopOnceStartCmd)
    _IrrCfg_SetWeatherBlockUntil             0x08004ef9   Thumb Code     6  irrigation_cfg.o(i._IrrCfg_SetWeatherBlockUntil)
    __0snprintf                              0x08004f05   Thumb Code    38  printfa.o(i.__0snprintf)
    __1snprintf                              0x08004f05   Thumb Code     0  printfa.o(i.__0snprintf)
    __2snprintf                              0x08004f05   Thumb Code     0  printfa.o(i.__0snprintf)
    __c89snprintf                            0x08004f05   Thumb Code     0  printfa.o(i.__0snprintf)
    snprintf                                 0x08004f05   Thumb Code     0  printfa.o(i.__0snprintf)
    __ARM_clz                                0x08004f31   Thumb Code    46  depilogue.o(i.__ARM_clz)
    __ARM_common_switch8                     0x08004f5f   Thumb Code    26  mcu_api.o(i.__ARM_common_switch8)
    __scatterload_copy                       0x08004f79   Thumb Code    14  handlers.o(i.__scatterload_copy)
    __scatterload_null                       0x08004f87   Thumb Code     2  handlers.o(i.__scatterload_null)
    __scatterload_zeroinit                   0x08004f89   Thumb Code    14  handlers.o(i.__scatterload_zeroinit)
    all_data_update                          0x08005869   Thumb Code     2  protocol.o(i.all_data_update)
    bt_close_timer_result                    0x0800586b   Thumb Code     2  protocol.o(i.bt_close_timer_result)
    bt_disconnect_result                     0x0800586d   Thumb Code    16  protocol.o(i.bt_disconnect_result)
    bt_enable_lowpoer_req                    0x08005881   Thumb Code    20  protocol.o(i.bt_enable_lowpoer_req)
    bt_enable_lowpoer_result                 0x08005895   Thumb Code     2  protocol.o(i.bt_enable_lowpoer_result)
    bt_factor_reset_notify                   0x08005897   Thumb Code     2  protocol.o(i.bt_factor_reset_notify)
    bt_modify_adv_interval_result            0x08005899   Thumb Code     2  protocol.o(i.bt_modify_adv_interval_result)
    bt_protocol_init                         0x0800589d   Thumb Code    18  mcu_api.o(i.bt_protocol_init)
    bt_rf_test_result                        0x080058c1   Thumb Code     2  protocol.o(i.bt_rf_test_result)
    bt_send_one_time_password_token_result   0x080058c3   Thumb Code     2  protocol.o(i.bt_send_one_time_password_token_result)
    bt_send_recordable_dp_data_result        0x080058c5   Thumb Code     2  protocol.o(i.bt_send_recordable_dp_data_result)
    bt_send_time_sync_req                    0x080058c7   Thumb Code    20  protocol.o(i.bt_send_time_sync_req)
    bt_time_sync_result                      0x080058dd   Thumb Code   114  protocol.o(i.bt_time_sync_result)
    bt_uart_service                          0x08005959   Thumb Code   124  mcu_api.o(i.bt_uart_service)
    bt_uart_write_factory_test_frame         0x080059ff   Thumb Code    80  system.o(i.bt_uart_write_factory_test_frame)
    bt_uart_write_frame                      0x08005a51   Thumb Code    54  system.o(i.bt_uart_write_frame)
    bt_unbound_req                           0x08005a8d   Thumb Code    12  protocol.o(i.bt_unbound_req)
    byte_to_int                              0x08005a99   Thumb Code    22  mcu_api.o(i.byte_to_int)
    calculate_weekday                        0x08005aaf   Thumb Code    78  timer_manager.o(i.calculate_weekday)
    check_stack_overflow                     0x08005afd   Thumb Code    66  main.o(i.check_stack_overflow)
    data_handle                              0x08005b65   Thumb Code   622  system.o(i.data_handle)
    dp_download_handle                       0x08005e2d   Thumb Code   398  protocol.o(i.dp_download_handle)
    factory_test_handler                     0x080060fd   Thumb Code    90  factory_test.o(i.factory_test_handler)
    get_check_sum                            0x0800616d   Thumb Code    28  system.o(i.get_check_sum)
    get_current_datetime                     0x08006189   Thumb Code    76  timer_manager.o(i.get_current_datetime)
    get_download_cmd_total                   0x080061d9   Thumb Code     4  protocol.o(i.get_download_cmd_total)
    get_queue_total_data                     0x080061dd   Thumb Code    18  system.o(i.get_queue_total_data)
    init_stack_check                         0x080061f5   Thumb Code    16  main.o(i.init_stack_check)
    main                                     0x08006241   Thumb Code   250  main.o(i.main)
    mcu_dp_bool_update                       0x0800646d   Thumb Code    64  mcu_api.o(i.mcu_dp_bool_update)
    mcu_dp_enum_update                       0x080064b1   Thumb Code    56  mcu_api.o(i.mcu_dp_enum_update)
    mcu_dp_raw_update                        0x080064ed   Thumb Code    60  mcu_api.o(i.mcu_dp_raw_update)
    mcu_dp_value_update                      0x0800652d   Thumb Code    78  mcu_api.o(i.mcu_dp_value_update)
    mcu_get_dp_download_bool                 0x08006581   Thumb Code     4  mcu_api.o(i.mcu_get_dp_download_bool)
    mcu_get_dp_download_enum                 0x08006585   Thumb Code     4  mcu_api.o(i.mcu_get_dp_download_enum)
    mcu_get_dp_download_value                0x08006589   Thumb Code     8  mcu_api.o(i.mcu_get_dp_download_value)
    my_atol                                  0x08006591   Thumb Code    58  mcu_api.o(i.my_atol)
    my_memcmp                                0x080065cb   Thumb Code    34  mcu_api.o(i.my_memcmp)
    my_memcpy                                0x080065ed   Thumb Code    64  mcu_api.o(i.my_memcpy)
    my_memset                                0x0800662d   Thumb Code    24  mcu_api.o(i.my_memset)
    my_strlen                                0x08006645   Thumb Code    22  mcu_api.o(i.my_strlen)
    set_bt_uart_buffer                       0x080067b1   Thumb Code    22  system.o(i.set_bt_uart_buffer)
    set_bt_uart_byte                         0x080067cd   Thumb Code    12  system.o(i.set_bt_uart_byte)
    uart_print_reset_info                    0x080067dd   Thumb Code   168  main.o(i.uart_print_reset_info)
    uart_receive_input                       0x08006945   Thumb Code    48  mcu_api.o(i.uart_receive_input)
    uart_transmit_output                     0x08006981   Thumb Code     8  protocol.o(i.uart_transmit_output)
    valve_takeover                           0x08006989   Thumb Code   206  irrigation.o(i.valve_takeover)
    AHBPrescTable                            0x08006a88   Data          16  system_stm32l0xx.o(.constdata)
    PLLMulTable                              0x08006a98   Data           9  system_stm32l0xx.o(.constdata)
    APBPrescTable                            0x08006aa1   Data           8  system_stm32l0xx.o(.constdata)
    download_cmd                             0x08006aa9   Data          40  protocol.o(.constdata)
    Region$$Table$$Base                      0x08006ba0   Number         0  anon$$obj.o(Region$$Table)
    Region$$Table$$Limit                     0x08006bc0   Number         0  anon$$obj.o(Region$$Table)
    precharge_on                             0x2000000a   Data           1  main.o(.data)
    is_disc                                  0x2000000c   Data           1  main.o(.data)
    last_activity_time                       0x20000010   Data           4  main.o(.data)
    cycle_tmp_start_time                     0x20000044   Data           2  timer_manager.o(.data)
    cycle_phase                              0x20000046   Data           2  timer_manager.o(.data)
    SystemCoreClock                          0x2000006c   Data           4  system_stm32l0xx.o(.data)
    g_time_ok                                0x2000007b   Data           1  protocol.o(.data)
    reset_bt_flag                            0x2000007d   Data           1  system.o(.data)
    bt_work_state                            0x2000007e   Data           1  system.o(.data)
    queue_in                                 0x20000080   Data           4  system.o(.data)
    queue_out                                0x20000084   Data           4  system.o(.data)
    stop_update_flag                         0x20000088   Data           1  system.o(.data)
    uwTick                                   0x2000008c   Data           4  stm32l0xx_hal.o(.data)
    hadc                                     0x20000168   Data          92  adc.o(.bss)
    hrtc                                     0x200001c4   Data          36  rtc.o(.bss)
    huart1                                   0x200001e8   Data         128  usart.o(.bss)
    huart2                                   0x20000268   Data         128  usart.o(.bss)
    bt_queue_buf                             0x200002e8   Data          23  system.o(.bss)
    bt_uart_rx_buf                           0x200002ff   Data          71  system.o(.bss)
    bt_uart_tx_buf                           0x20000346   Data         135  system.o(.bss)
    pFlash                                   0x200003d0   Data          24  stm32l0xx_hal_flash.o(.bss)
    Stack_Mem                                0x200003e8   Data        4096  startup_stm32l051xx.o(STACK)
    __initial_sp                             0x200013e8   Data           0  startup_stm32l051xx.o(STACK)



==============================================================================

Memory Map of the image

  Image Entry point : 0x080000c1

  Load Region LR_IROM1 (Base: 0x08000000, Size: 0x00006c9c, Max: 0x00010000, ABSOLUTE)

    Execution Region ER_IROM1 (Exec base: 0x08000000, Load base: 0x08000000, Size: 0x00006bc0, Max: 0x00010000, ABSOLUTE)

    Exec Addr    Load Addr    Size         Type   Attr      Idx    E Section Name        Object

    0x08000000   0x08000000   0x000000c0   Data   RO            3    RESET               startup_stm32l051xx.o
    0x080000c0   0x080000c0   0x00000000   Code   RO         4437  * .ARM.Collect$$$$00000000  mc_p.l(entry.o)
    0x080000c0   0x080000c0   0x00000004   Code   RO         4734    .ARM.Collect$$$$00000001  mc_p.l(entry2.o)
    0x080000c4   0x080000c4   0x00000004   Code   RO         4737    .ARM.Collect$$$$00000004  mc_p.l(entry5.o)
    0x080000c8   0x080000c8   0x00000000   Code   RO         4739    .ARM.Collect$$$$00000008  mc_p.l(entry7b.o)
    0x080000c8   0x080000c8   0x00000000   Code   RO         4741    .ARM.Collect$$$$0000000A  mc_p.l(entry8b.o)
    0x080000c8   0x080000c8   0x00000008   Code   RO         4742    .ARM.Collect$$$$0000000B  mc_p.l(entry9a.o)
    0x080000d0   0x080000d0   0x00000000   Code   RO         4744    .ARM.Collect$$$$0000000D  mc_p.l(entry10a.o)
    0x080000d0   0x080000d0   0x00000000   Code   RO         4746    .ARM.Collect$$$$0000000F  mc_p.l(entry11a.o)
    0x080000d0   0x080000d0   0x00000004   Code   RO         4735    .ARM.Collect$$$$00002712  mc_p.l(entry2.o)
    0x080000d4   0x080000d4   0x0000001c   Code   RO            4    .text               startup_stm32l051xx.o
    0x080000f0   0x080000f0   0x0000002c   Code   RO         4440    .text               mc_p.l(uidiv.o)
    0x0800011c   0x0800011c   0x00000028   Code   RO         4442    .text               mc_p.l(idiv.o)
    0x08000144   0x08000144   0x00000060   Code   RO         4444    .text               mc_p.l(uldiv.o)
    0x080001a4   0x080001a4   0x0000008c   Code   RO         4446    .text               mc_p.l(mktime.o)
    0x08000230   0x08000230   0x00000024   Code   RO         4449    .text               mc_p.l(memcpya.o)
    0x08000254   0x08000254   0x00000024   Code   RO         4451    .text               mc_p.l(memseta.o)
    0x08000278   0x08000278   0x0000000e   Code   RO         4453    .text               mc_p.l(strlen.o)
    0x08000286   0x08000286   0x000000b2   Code   RO         4718    .text               mf_p.l(fadd.o)
    0x08000338   0x08000338   0x0000007a   Code   RO         4720    .text               mf_p.l(fmul.o)
    0x080003b2   0x080003b2   0x0000007c   Code   RO         4722    .text               mf_p.l(fdiv.o)
    0x0800042e   0x0800042e   0x00000002   PAD
    0x08000430   0x08000430   0x000000d0   Code   RO         4724    .text               mf_p.l(dmul.o)
    0x08000500   0x08000500   0x0000000e   Code   RO         4726    .text               mf_p.l(ffltui.o)
    0x0800050e   0x0800050e   0x00000028   Code   RO         4728    .text               mf_p.l(ffixui.o)
    0x08000536   0x08000536   0x00000028   Code   RO         4730    .text               mf_p.l(f2d.o)
    0x0800055e   0x0800055e   0x00000038   Code   RO         4732    .text               mf_p.l(d2f.o)
    0x08000596   0x08000596   0x00000020   Code   RO         4748    .text               mc_p.l(llshl.o)
    0x080005b6   0x080005b6   0x00000022   Code   RO         4750    .text               mc_p.l(llushr.o)
    0x080005d8   0x080005d8   0x00000074   Code   RO         4755    .text               mc_p.l(localtime_i.o)
    0x0800064c   0x0800064c   0x00000000   Code   RO         4758    .text               mc_p.l(iusefp.o)
    0x0800064c   0x0800064c   0x00000082   Code   RO         4759    .text               mf_p.l(fepilogue.o)
    0x080006ce   0x080006ce   0x000000be   Code   RO         4761    .text               mf_p.l(depilogue.o)
    0x0800078c   0x0800078c   0x00000164   Code   RO         4765    .text               mf_p.l(dadd.o)
    0x080008f0   0x080008f0   0x000000f0   Code   RO         4767    .text               mf_p.l(ddiv.o)
    0x080009e0   0x080009e0   0x00000040   Code   RO         4769    .text               mf_p.l(dfixul.o)
    0x08000a20   0x08000a20   0x00000028   Code   RO         4771    .text               mf_p.l(cdrcmple.o)
    0x08000a48   0x08000a48   0x00000024   Code   RO         4773    .text               mc_p.l(init.o)
    0x08000a6c   0x08000a6c   0x00000026   Code   RO         4775    .text               mc_p.l(llsshr.o)
    0x08000a92   0x08000a92   0x00000058   Code   RO         1423    i.ADC_ConversionStop  stm32l0xx_hal_adc.o
    0x08000aea   0x08000aea   0x00000002   PAD
    0x08000aec   0x08000aec   0x00000030   Code   RO         1427    i.ADC_DelayMicroSecond  stm32l0xx_hal_adc.o
    0x08000b1c   0x08000b1c   0x00000076   Code   RO         1428    i.ADC_Disable       stm32l0xx_hal_adc.o
    0x08000b92   0x08000b92   0x00000002   PAD
    0x08000b94   0x08000b94   0x0000007c   Code   RO         1429    i.ADC_Enable        stm32l0xx_hal_adc.o
    0x08000c10   0x08000c10   0x000000b8   Code   RO          523    i.ADC_Get_Battery_Percentage  adc.o
    0x08000cc8   0x08000cc8   0x00000058   Code   RO          524    i.ADC_Get_Battery_Voltage  adc.o
    0x08000d20   0x08000d20   0x00000038   Code   RO          525    i.ADC_Get_Raw_Value  adc.o
    0x08000d58   0x08000d58   0x00000064   Code   RO          317    i.CompactAfterDelete  timer_manager.o
    0x08000dbc   0x08000dbc   0x000000c0   Code   RO          318    i.CycleTimer_GetNearest  timer_manager.o
    0x08000e7c   0x08000e7c   0x00000084   Code   RO          319    i.CycleTimer_NeedRun  timer_manager.o
    0x08000f00   0x08000f00   0x00000030   Code   RO          320    i.Cycle_Delete      timer_manager.o
    0x08000f30   0x08000f30   0x0000012c   Code   RO          322    i.Cycle_GetList     timer_manager.o
    0x0800105c   0x0800105c   0x00000038   Code   RO          323    i.Cycle_Init        timer_manager.o
    0x08001094   0x08001094   0x000000f8   Code   RO          324    i.Cycle_ModifyFromServer  timer_manager.o
    0x0800118c   0x0800118c   0x000000d0   Code   RO          325    i.Cycle_Store       timer_manager.o
    0x0800125c   0x0800125c   0x00000024   Code   RO          326    i.EEPROM_Read       timer_manager.o
    0x08001280   0x08001280   0x00000044   Code   RO          327    i.EEPROM_Write      timer_manager.o
    0x080012c4   0x080012c4   0x00000018   Code   RO          715    i.EXTI2_3_IRQHandler  stm32l0xx_it.o
    0x080012dc   0x080012dc   0x00000024   Code   RO          716    i.EXTI4_15_IRQHandler  stm32l0xx_it.o
    0x08001300   0x08001300   0x00000002   Code   RO           12    i.Error_Handler     main.o
    0x08001302   0x08001302   0x00000002   PAD
    0x08001304   0x08001304   0x000000f8   Code   RO           13    i.ExitStopSequence  main.o
    0x080013fc   0x080013fc   0x00000090   Code   RO         2554    i.FLASH_SetErrorCode  stm32l0xx_hal_flash.o
    0x0800148c   0x0800148c   0x00000074   Code   RO         2555    i.FLASH_WaitForLastOperation  stm32l0xx_hal_flash.o
    0x08001500   0x08001500   0x00000030   Code   RO          580    i.Getnowsec         rtc.o
    0x08001530   0x08001530   0x000000b0   Code   RO         1606    i.HAL_ADCEx_Calibration_Start  stm32l0xx_hal_adc_ex.o
    0x080015e0   0x080015e0   0x0000009c   Code   RO         1431    i.HAL_ADC_ConfigChannel  stm32l0xx_hal_adc.o
    0x0800167c   0x0800167c   0x000000b8   Code   RO         1434    i.HAL_ADC_DeInit    stm32l0xx_hal_adc.o
    0x08001734   0x08001734   0x00000006   Code   RO         1438    i.HAL_ADC_GetValue  stm32l0xx_hal_adc.o
    0x0800173a   0x0800173a   0x00000002   PAD
    0x0800173c   0x0800173c   0x000001cc   Code   RO         1440    i.HAL_ADC_Init      stm32l0xx_hal_adc.o
    0x08001908   0x08001908   0x0000002c   Code   RO          526    i.HAL_ADC_MspDeInit  adc.o
    0x08001934   0x08001934   0x00000054   Code   RO          527    i.HAL_ADC_MspInit   adc.o
    0x08001988   0x08001988   0x000000c6   Code   RO         1444    i.HAL_ADC_PollForConversion  stm32l0xx_hal_adc.o
    0x08001a4e   0x08001a4e   0x00000002   PAD
    0x08001a50   0x08001a50   0x00000060   Code   RO         1446    i.HAL_ADC_Start     stm32l0xx_hal_adc.o
    0x08001ab0   0x08001ab0   0x0000003e   Code   RO         1449    i.HAL_ADC_Stop      stm32l0xx_hal_adc.o
    0x08001aee   0x08001aee   0x00000002   PAD
    0x08001af0   0x08001af0   0x00000010   Code   RO         1664    i.HAL_DBGMCU_DisableDBGStopMode  stm32l0xx_hal.o
    0x08001b00   0x08001b00   0x0000004c   Code   RO         2870    i.HAL_DMA_Abort_IT  stm32l0xx_hal_dma.o
    0x08001b4c   0x08001b4c   0x0000001c   Code   RO         1669    i.HAL_Delay         stm32l0xx_hal.o
    0x08001b68   0x08001b68   0x00000014   Code   RO         2667    i.HAL_FLASHEx_DATAEEPROM_Lock  stm32l0xx_hal_flash_ex.o
    0x08001b7c   0x08001b7c   0x0000005c   Code   RO         2668    i.HAL_FLASHEx_DATAEEPROM_Program  stm32l0xx_hal_flash_ex.o
    0x08001bd8   0x08001bd8   0x00000034   Code   RO         2669    i.HAL_FLASHEx_DATAEEPROM_Unlock  stm32l0xx_hal_flash_ex.o
    0x08001c0c   0x08001c0c   0x000000e0   Code   RO         2806    i.HAL_GPIO_DeInit   stm32l0xx_hal_gpio.o
    0x08001cec   0x08001cec   0x00000040   Code   RO           14    i.HAL_GPIO_EXTI_Callback  main.o
    0x08001d2c   0x08001d2c   0x00000018   Code   RO         2808    i.HAL_GPIO_EXTI_IRQHandler  stm32l0xx_hal_gpio.o
    0x08001d44   0x08001d44   0x0000015c   Code   RO         2809    i.HAL_GPIO_Init     stm32l0xx_hal_gpio.o
    0x08001ea0   0x08001ea0   0x0000000e   Code   RO         2811    i.HAL_GPIO_ReadPin  stm32l0xx_hal_gpio.o
    0x08001eae   0x08001eae   0x00000008   Code   RO         2812    i.HAL_GPIO_TogglePin  stm32l0xx_hal_gpio.o
    0x08001eb6   0x08001eb6   0x0000000c   Code   RO         2813    i.HAL_GPIO_WritePin  stm32l0xx_hal_gpio.o
    0x08001ec2   0x08001ec2   0x00000002   PAD
    0x08001ec4   0x08001ec4   0x0000000c   Code   RO         1673    i.HAL_GetTick       stm32l0xx_hal.o
    0x08001ed0   0x08001ed0   0x00000010   Code   RO         1677    i.HAL_IncTick       stm32l0xx_hal.o
    0x08001ee0   0x08001ee0   0x00000028   Code   RO         1678    i.HAL_Init          stm32l0xx_hal.o
    0x08001f08   0x08001f08   0x00000030   Code   RO         1679    i.HAL_InitTick      stm32l0xx_hal.o
    0x08001f38   0x08001f38   0x00000018   Code   RO          787    i.HAL_MspInit       stm32l0xx_hal_msp.o
    0x08001f50   0x08001f50   0x00000014   Code   RO         3134    i.HAL_NVIC_ClearPendingIRQ  stm32l0xx_hal_cortex.o
    0x08001f64   0x08001f64   0x00000014   Code   RO         3135    i.HAL_NVIC_DisableIRQ  stm32l0xx_hal_cortex.o
    0x08001f78   0x08001f78   0x00000014   Code   RO         3136    i.HAL_NVIC_EnableIRQ  stm32l0xx_hal_cortex.o
    0x08001f8c   0x08001f8c   0x00000044   Code   RO         3140    i.HAL_NVIC_SetPriority  stm32l0xx_hal_cortex.o
    0x08001fd0   0x08001fd0   0x00000010   Code   RO         3078    i.HAL_PWREx_EnableFastWakeUp  stm32l0xx_hal_pwr_ex.o
    0x08001fe0   0x08001fe0   0x00000010   Code   RO         3080    i.HAL_PWREx_EnableUltraLowPower  stm32l0xx_hal_pwr_ex.o
    0x08001ff0   0x08001ff0   0x00000010   Code   RO         2966    i.HAL_PWR_EnableBkUpAccess  stm32l0xx_hal_pwr.o
    0x08002000   0x08002000   0x00000034   Code   RO         2973    i.HAL_PWR_EnterSTOPMode  stm32l0xx_hal_pwr.o
    0x08002034   0x08002034   0x00000178   Code   RO         2450    i.HAL_RCCEx_PeriphCLKConfig  stm32l0xx_hal_rcc_ex.o
    0x080021ac   0x080021ac   0x000001b8   Code   RO         2352    i.HAL_RCC_ClockConfig  stm32l0xx_hal_rcc.o
    0x08002364   0x08002364   0x0000000c   Code   RO         2356    i.HAL_RCC_GetHCLKFreq  stm32l0xx_hal_rcc.o
    0x08002370   0x08002370   0x00000020   Code   RO         2358    i.HAL_RCC_GetPCLK1Freq  stm32l0xx_hal_rcc.o
    0x08002390   0x08002390   0x00000020   Code   RO         2359    i.HAL_RCC_GetPCLK2Freq  stm32l0xx_hal_rcc.o
    0x080023b0   0x080023b0   0x00000088   Code   RO         2360    i.HAL_RCC_GetSysClockFreq  stm32l0xx_hal_rcc.o
    0x08002438   0x08002438   0x000004e8   Code   RO         2363    i.HAL_RCC_OscConfig  stm32l0xx_hal_rcc.o
    0x08002920   0x08002920   0x00000002   Code   RO         3372    i.HAL_RTCEx_AlarmBEventCallback  stm32l0xx_hal_rtc_ex.o
    0x08002922   0x08002922   0x00000002   PAD
    0x08002924   0x08002924   0x00000010   Code   RO           16    i.HAL_RTC_AlarmAEventCallback  main.o
    0x08002934   0x08002934   0x00000060   Code   RO         3239    i.HAL_RTC_AlarmIRQHandler  stm32l0xx_hal_rtc.o
    0x08002994   0x08002994   0x00000044   Code   RO         3243    i.HAL_RTC_GetDate   stm32l0xx_hal_rtc.o
    0x080029d8   0x080029d8   0x00000058   Code   RO         3245    i.HAL_RTC_GetTime   stm32l0xx_hal_rtc.o
    0x08002a30   0x08002a30   0x000000cc   Code   RO         3246    i.HAL_RTC_Init      stm32l0xx_hal_rtc.o
    0x08002afc   0x08002afc   0x00000030   Code   RO          582    i.HAL_RTC_MspInit   rtc.o
    0x08002b2c   0x08002b2c   0x000001b8   Code   RO         3251    i.HAL_RTC_SetAlarm_IT  stm32l0xx_hal_rtc.o
    0x08002ce4   0x08002ce4   0x000000dc   Code   RO         3252    i.HAL_RTC_SetDate   stm32l0xx_hal_rtc.o
    0x08002dc0   0x08002dc0   0x000000fc   Code   RO         3253    i.HAL_RTC_SetTime   stm32l0xx_hal_rtc.o
    0x08002ebc   0x08002ebc   0x0000003a   Code   RO         3254    i.HAL_RTC_WaitForSynchro  stm32l0xx_hal_rtc.o
    0x08002ef6   0x08002ef6   0x00000002   PAD
    0x08002ef8   0x08002ef8   0x0000003c   Code   RO         3144    i.HAL_SYSTICK_Config  stm32l0xx_hal_cortex.o
    0x08002f34   0x08002f34   0x00000002   Code   RO         3976    i.HAL_UARTEx_WakeupCallback  stm32l0xx_hal_uart_ex.o
    0x08002f36   0x08002f36   0x00000002   Code   RO         3634    i.HAL_UART_ErrorCallback  stm32l0xx_hal_uart.o
    0x08002f38   0x08002f38   0x00000140   Code   RO         3637    i.HAL_UART_IRQHandler  stm32l0xx_hal_uart.o
    0x08003078   0x08003078   0x00000070   Code   RO         3638    i.HAL_UART_Init     stm32l0xx_hal_uart.o
    0x080030e8   0x080030e8   0x000000b0   Code   RO          632    i.HAL_UART_MspInit  usart.o
    0x08003198   0x08003198   0x000000e4   Code   RO         3643    i.HAL_UART_Receive_IT  stm32l0xx_hal_uart.o
    0x0800327c   0x0800327c   0x0000005c   Code   RO           18    i.HAL_UART_RxCpltCallback  main.o
    0x080032d8   0x080032d8   0x00000002   Code   RO         3649    i.HAL_UART_TxCpltCallback  stm32l0xx_hal_uart.o
    0x080032da   0x080032da   0x00000002   Code   RO          717    i.HardFault_Handler  stm32l0xx_it.o
    0x080032dc   0x080032dc   0x0000000a   Code   RO         4038    i.Irrigation_DeleteAllTimers  irrigation.o
    0x080032e6   0x080032e6   0x00000002   PAD
    0x080032e8   0x080032e8   0x00000044   Code   RO         4040    i.Irrigation_GetMode  irrigation.o
    0x0800332c   0x0800332c   0x00000030   Code   RO         4043    i.Irrigation_Init   irrigation.o
    0x0800335c   0x0800335c   0x00000014   Code   RO         4044    i.Irrigation_OnManualCmd  irrigation.o
    0x08003370   0x08003370   0x00000020   Code   RO         4045    i.Irrigation_ReportIdleStatus  irrigation.o
    0x08003390   0x08003390   0x0000001c   Code   RO         4152    i.Irrigation_SetOnceDurationMin  irrigation_cfg.o
    0x080033ac   0x080033ac   0x00000010   Code   RO         4154    i.Irrigation_SetWeatherDelaySel  irrigation_cfg.o
    0x080033bc   0x080033bc   0x00000010   Code   RO         4155    i.Irrigation_SetWeatherEnable  irrigation_cfg.o
    0x080033cc   0x080033cc   0x00000010   Code   RO         4156    i.Irrigation_SetWeatherRainSnow  irrigation_cfg.o
    0x080033dc   0x080033dc   0x0000000c   Code   RO         4157    i.Irrigation_StartOnce  irrigation_cfg.o
    0x080033e8   0x080033e8   0x0000005c   Code   RO         4046    i.Irrigation_StopAll  irrigation.o
    0x08003444   0x08003444   0x00000298   Code   RO         4047    i.Irrigation_Tick_1s  irrigation.o
    0x080036dc   0x080036dc   0x0000019c   Code   RO           20    i.Key_Task          main.o
    0x08003878   0x08003878   0x00000078   Code   RO          528    i.MX_ADC_Init       adc.o
    0x080038f0   0x080038f0   0x000000e0   Code   RO          297    i.MX_GPIO_Init      gpio.o
    0x080039d0   0x080039d0   0x00000034   Code   RO          583    i.MX_RTC_Init       rtc.o
    0x08003a04   0x08003a04   0x00000044   Code   RO          633    i.MX_USART1_UART_Init  usart.o
    0x08003a48   0x08003a48   0x00000034   Code   RO          634    i.MX_USART2_UART_Init  usart.o
    0x08003a7c   0x08003a7c   0x0000004a   Code   RO         4240    i.MyRTC_GetUnixTimestamp  time_keeper.o
    0x08003ac6   0x08003ac6   0x00000002   Code   RO          718    i.NMI_Handler       stm32l0xx_it.o
    0x08003ac8   0x08003ac8   0x0000009c   Code   RO          328    i.OnWaterComplete   timer_manager.o
    0x08003b64   0x08003b64   0x00000002   Code   RO          719    i.PendSV_Handler    stm32l0xx_it.o
    0x08003b66   0x08003b66   0x0000000c   Code   RO          329    i.PrintHex          timer_manager.o
    0x08003b72   0x08003b72   0x00000044   Code   RO         4366    i.Pulse_60ms        valve.o
    0x08003bb6   0x08003bb6   0x00000002   PAD
    0x08003bb8   0x08003bb8   0x00000028   Code   RO         1342    i.Queue_Read_Byte   system.o
    0x08003be0   0x08003be0   0x00000010   Code   RO         3255    i.RTC_Bcd2ToByte    stm32l0xx_hal_rtc.o
    0x08003bf0   0x08003bf0   0x00000018   Code   RO         3256    i.RTC_ByteToBcd2    stm32l0xx_hal_rtc.o
    0x08003c08   0x08003c08   0x0000003e   Code   RO         3257    i.RTC_EnterInitMode  stm32l0xx_hal_rtc.o
    0x08003c46   0x08003c46   0x00000002   PAD
    0x08003c48   0x08003c48   0x0000001c   Code   RO          720    i.RTC_IRQHandler    stm32l0xx_it.o
    0x08003c64   0x08003c64   0x00000002   Code   RO          721    i.SVC_Handler       stm32l0xx_it.o
    0x08003c66   0x08003c66   0x00000002   PAD
    0x08003c68   0x08003c68   0x00000034   Code   RO          330    i.SaveCycleToEEPROM  timer_manager.o
    0x08003c9c   0x08003c9c   0x00000028   Code   RO          331    i.SaveSlot          timer_manager.o
    0x08003cc4   0x08003cc4   0x00000008   Code   RO          722    i.SysTick_Handler   stm32l0xx_it.o
    0x08003ccc   0x08003ccc   0x00000090   Code   RO           21    i.SystemClock_Config  main.o
    0x08003d5c   0x08003d5c   0x00000054   Code   RO          808    i.SystemInit        system_stm32l0xx.o
    0x08003db0   0x08003db0   0x00000110   Code   RO           22    i.SystemPower_Config  main.o
    0x08003ec0   0x08003ec0   0x0000000c   Code   RO         4241    i.TimeKeeper_ClearNeedSync  time_keeper.o
    0x08003ecc   0x08003ecc   0x00000064   Code   RO         4242    i.TimeKeeper_Get    time_keeper.o
    0x08003f30   0x08003f30   0x00000048   Code   RO         4243    i.TimeKeeper_GetTime  time_keeper.o
    0x08003f78   0x08003f78   0x00000010   Code   RO         4244    i.TimeKeeper_Init   time_keeper.o
    0x08003f88   0x08003f88   0x0000000c   Code   RO         4245    i.TimeKeeper_Invalidate  time_keeper.o
    0x08003f94   0x08003f94   0x0000000c   Code   RO         4246    i.TimeKeeper_IsValid  time_keeper.o
    0x08003fa0   0x08003fa0   0x0000000c   Code   RO         4247    i.TimeKeeper_MarkNeedSync  time_keeper.o
    0x08003fac   0x08003fac   0x0000000c   Code   RO         4248    i.TimeKeeper_NeedSync  time_keeper.o
    0x08003fb8   0x08003fb8   0x00000068   Code   RO         4249    i.TimeKeeper_OnTimeSyncCustom  time_keeper.o
    0x08004020   0x08004020   0x00000008   Code   RO         4251    i.TimeKeeper_RequestSync  time_keeper.o
    0x08004028   0x08004028   0x000000cc   Code   RO         4252    i.TimeKeeper_ToEpochSec  time_keeper.o
    0x080040f4   0x080040f4   0x000000e0   Code   RO           23    i.TimeSync_Service  main.o
    0x080041d4   0x080041d4   0x00000016   Code   RO          332    i.Timer_Delete      timer_manager.o
    0x080041ea   0x080041ea   0x00000002   PAD
    0x080041ec   0x080041ec   0x00000024   Code   RO          333    i.Timer_FindSlotByID  timer_manager.o
    0x08004210   0x08004210   0x00000060   Code   RO          336    i.Timer_GetList     timer_manager.o
    0x08004270   0x08004270   0x000000c0   Code   RO          337    i.Timer_GetNearest  timer_manager.o
    0x08004330   0x08004330   0x00000194   Code   RO          338    i.Timer_GetNearestAll  timer_manager.o
    0x080044c4   0x080044c4   0x00000088   Code   RO          339    i.Timer_Init        timer_manager.o
    0x0800454c   0x0800454c   0x00000074   Code   RO          340    i.Timer_Modify      timer_manager.o
    0x080045c0   0x080045c0   0x00000080   Code   RO          341    i.Timer_NeedRun     timer_manager.o
    0x08004640   0x08004640   0x00000104   Code   RO          343    i.Timer_SetAlarmByNearest  timer_manager.o
    0x08004744   0x08004744   0x0000008c   Code   RO          344    i.Timer_Store       timer_manager.o
    0x080047d0   0x080047d0   0x00000090   Code   RO           24    i.UART1_RX_PA11_EXTI_Wakeup_Config  main.o
    0x08004860   0x08004860   0x00000010   Code   RO          635    i.UART1_SendByte    usart.o
    0x08004870   0x08004870   0x00000010   Code   RO          637    i.UART2_SendByte    usart.o
    0x08004880   0x08004880   0x00000014   Code   RO          638    i.UART2_SendString  usart.o
    0x08004894   0x08004894   0x000000cc   Code   RO         3651    i.UART_AdvFeatureConfig  stm32l0xx_hal_uart.o
    0x08004960   0x08004960   0x00000064   Code   RO         3652    i.UART_CheckIdleState  stm32l0xx_hal_uart.o
    0x080049c4   0x080049c4   0x00000014   Code   RO         3653    i.UART_DMAAbortOnError  stm32l0xx_hal_uart.o
    0x080049d8   0x080049d8   0x00000020   Code   RO         3663    i.UART_EndRxTransfer  stm32l0xx_hal_uart.o
    0x080049f8   0x080049f8   0x0000001a   Code   RO         3664    i.UART_EndTransmit_IT  stm32l0xx_hal_uart.o
    0x08004a12   0x08004a12   0x00000058   Code   RO         3666    i.UART_RxISR_16BIT  stm32l0xx_hal_uart.o
    0x08004a6a   0x08004a6a   0x00000058   Code   RO         3667    i.UART_RxISR_8BIT   stm32l0xx_hal_uart.o
    0x08004ac2   0x08004ac2   0x00000002   PAD
    0x08004ac4   0x08004ac4   0x000002ec   Code   RO         3668    i.UART_SetConfig    stm32l0xx_hal_uart.o
    0x08004db0   0x08004db0   0x00000076   Code   RO         3671    i.UART_WaitOnFlagUntilTimeout  stm32l0xx_hal_uart.o
    0x08004e26   0x08004e26   0x00000002   PAD
    0x08004e28   0x08004e28   0x00000010   Code   RO          723    i.USART1_IRQHandler  stm32l0xx_it.o
    0x08004e38   0x08004e38   0x0000002c   Code   RO         4367    i.Valve_Close       valve.o
    0x08004e64   0x08004e64   0x0000000c   Code   RO         4368    i.Valve_GetState    valve.o
    0x08004e70   0x08004e70   0x0000000c   Code   RO         4369    i.Valve_Init        valve.o
    0x08004e7c   0x08004e7c   0x0000002c   Code   RO         4370    i.Valve_Open        valve.o
    0x08004ea8   0x08004ea8   0x00000024   Code   RO         4371    i.Valve_SetState    valve.o
    0x08004ecc   0x08004ecc   0x0000000c   Code   RO         4158    i._IrrCfg_GetOnceDurationMin  irrigation_cfg.o
    0x08004ed8   0x08004ed8   0x00000010   Code   RO         4160    i._IrrCfg_GetWeather  irrigation_cfg.o
    0x08004ee8   0x08004ee8   0x00000010   Code   RO         4161    i._IrrCfg_PopOnceStartCmd  irrigation_cfg.o
    0x08004ef8   0x08004ef8   0x0000000c   Code   RO         4162    i._IrrCfg_SetWeatherBlockUntil  irrigation_cfg.o
    0x08004f04   0x08004f04   0x0000002c   Code   RO         4691    i.__0snprintf       mc_p.l(printfa.o)
    0x08004f30   0x08004f30   0x0000002e   Code   RO         4763    i.__ARM_clz         mf_p.l(depilogue.o)
    0x08004f5e   0x08004f5e   0x0000001a   Code   RO         1117    i.__ARM_common_switch8  mcu_api.o
    0x08004f78   0x08004f78   0x0000000e   Code   RO         4779    i.__scatterload_copy  mc_p.l(handlers.o)
    0x08004f86   0x08004f86   0x00000002   Code   RO         4780    i.__scatterload_null  mc_p.l(handlers.o)
    0x08004f88   0x08004f88   0x0000000e   Code   RO         4781    i.__scatterload_zeroinit  mc_p.l(handlers.o)
    0x08004f96   0x08004f96   0x00000002   PAD
    0x08004f98   0x08004f98   0x00000158   Code   RO         4697    i._fp_digits        mc_p.l(printfa.o)
    0x080050f0   0x080050f0   0x000006ec   Code   RO         4698    i._printf_core      mc_p.l(printfa.o)
    0x080057dc   0x080057dc   0x00000020   Code   RO         4699    i._printf_post_padding  mc_p.l(printfa.o)
    0x080057fc   0x080057fc   0x0000002c   Code   RO         4700    i._printf_pre_padding  mc_p.l(printfa.o)
    0x08005828   0x08005828   0x00000016   Code   RO         4701    i._snputc           mc_p.l(printfa.o)
    0x0800583e   0x0800583e   0x0000002a   Code   RO         4253    i._tk_is_leap_year  time_keeper.o
    0x08005868   0x08005868   0x00000002   Code   RO         1172    i.all_data_update   protocol.o
    0x0800586a   0x0800586a   0x00000002   Code   RO         1174    i.bt_close_timer_result  protocol.o
    0x0800586c   0x0800586c   0x00000014   Code   RO         1176    i.bt_disconnect_result  protocol.o
    0x08005880   0x08005880   0x00000014   Code   RO         1177    i.bt_enable_lowpoer_req  protocol.o
    0x08005894   0x08005894   0x00000002   Code   RO         1178    i.bt_enable_lowpoer_result  protocol.o
    0x08005896   0x08005896   0x00000002   Code   RO         1179    i.bt_factor_reset_notify  protocol.o
    0x08005898   0x08005898   0x00000002   Code   RO         1181    i.bt_modify_adv_interval_result  protocol.o
    0x0800589a   0x0800589a   0x00000002   PAD
    0x0800589c   0x0800589c   0x00000024   Code   RO          959    i.bt_protocol_init  mcu_api.o
    0x080058c0   0x080058c0   0x00000002   Code   RO         1183    i.bt_rf_test_result  protocol.o
    0x080058c2   0x080058c2   0x00000002   Code   RO         1186    i.bt_send_one_time_password_token_result  protocol.o
    0x080058c4   0x080058c4   0x00000002   Code   RO         1188    i.bt_send_recordable_dp_data_result  protocol.o
    0x080058c6   0x080058c6   0x00000014   Code   RO         1189    i.bt_send_time_sync_req  protocol.o
    0x080058da   0x080058da   0x00000002   PAD
    0x080058dc   0x080058dc   0x0000007c   Code   RO         1190    i.bt_time_sync_result  protocol.o
    0x08005958   0x08005958   0x00000084   Code   RO          960    i.bt_uart_service   mcu_api.o
    0x080059dc   0x080059dc   0x00000022   Code   RO         1343    i.bt_uart_write_data  system.o
    0x080059fe   0x080059fe   0x00000050   Code   RO         1344    i.bt_uart_write_factory_test_frame  system.o
    0x08005a4e   0x08005a4e   0x00000002   PAD
    0x08005a50   0x08005a50   0x0000003c   Code   RO         1345    i.bt_uart_write_frame  system.o
    0x08005a8c   0x08005a8c   0x0000000c   Code   RO         1191    i.bt_unbound_req    protocol.o
    0x08005a98   0x08005a98   0x00000016   Code   RO          961    i.byte_to_int       mcu_api.o
    0x08005aae   0x08005aae   0x0000004e   Code   RO          345    i.calculate_weekday  timer_manager.o
    0x08005afc   0x08005afc   0x00000068   Code   RO           25    i.check_stack_overflow  main.o
    0x08005b64   0x08005b64   0x000002a4   Code   RO         1346    i.data_handle       system.o
    0x08005e08   0x08005e08   0x00000024   Code   RO           26    i.do_action         main.o
    0x08005e2c   0x08005e2c   0x0000018e   Code   RO         1192    i.dp_download_handle  protocol.o
    0x08005fba   0x08005fba   0x00000080   Code   RO         1193    i.dp_download_timer_handle  protocol.o
    0x0800603a   0x0800603a   0x00000002   PAD
    0x0800603c   0x0800603c   0x000000c0   Code   RO          927    i.fac_test_read_pid  factory_test.o
    0x080060fc   0x080060fc   0x00000070   Code   RO          928    i.factory_test_handler  factory_test.o
    0x0800616c   0x0800616c   0x0000001c   Code   RO         1348    i.get_check_sum     system.o
    0x08006188   0x08006188   0x00000050   Code   RO          346    i.get_current_datetime  timer_manager.o
    0x080061d8   0x080061d8   0x00000004   Code   RO         1194    i.get_download_cmd_total  protocol.o
    0x080061dc   0x080061dc   0x00000018   Code   RO         1349    i.get_queue_total_data  system.o
    0x080061f4   0x080061f4   0x0000001c   Code   RO           27    i.init_stack_check  main.o
    0x08006210   0x08006210   0x0000002e   Code   RO         4048    i.is_weather_blocking  irrigation.o
    0x0800623e   0x0800623e   0x00000002   PAD
    0x08006240   0x08006240   0x0000012c   Code   RO           28    i.main              main.o
    0x0800636c   0x0800636c   0x00000100   Code   RO          965    i.mcu_common_uart_data_unpack  mcu_api.o
    0x0800646c   0x0800646c   0x00000044   Code   RO          966    i.mcu_dp_bool_update  mcu_api.o
    0x080064b0   0x080064b0   0x0000003c   Code   RO          967    i.mcu_dp_enum_update  mcu_api.o
    0x080064ec   0x080064ec   0x00000040   Code   RO          969    i.mcu_dp_raw_update  mcu_api.o
    0x0800652c   0x0800652c   0x00000054   Code   RO          971    i.mcu_dp_value_update  mcu_api.o
    0x08006580   0x08006580   0x00000004   Code   RO          973    i.mcu_get_dp_download_bool  mcu_api.o
    0x08006584   0x08006584   0x00000004   Code   RO          974    i.mcu_get_dp_download_enum  mcu_api.o
    0x08006588   0x08006588   0x00000008   Code   RO          975    i.mcu_get_dp_download_value  mcu_api.o
    0x08006590   0x08006590   0x0000003a   Code   RO          978    i.my_atol           mcu_api.o
    0x080065ca   0x080065ca   0x00000022   Code   RO          979    i.my_memcmp         mcu_api.o
    0x080065ec   0x080065ec   0x00000040   Code   RO          980    i.my_memcpy         mcu_api.o
    0x0800662c   0x0800662c   0x00000018   Code   RO          981    i.my_memset         mcu_api.o
    0x08006644   0x08006644   0x00000016   Code   RO          982    i.my_strlen         mcu_api.o
    0x0800665a   0x0800665a   0x00000002   PAD
    0x0800665c   0x0800665c   0x0000001c   Code   RO           29    i.read_pb12         main.o
    0x08006678   0x08006678   0x0000001c   Code   RO           30    i.read_pb3          main.o
    0x08006694   0x08006694   0x00000054   Code   RO         4049    i.report_countdown_if_needed  irrigation.o
    0x080066e8   0x080066e8   0x0000000a   Code   RO         4050    i.report_irrigation_record  irrigation.o
    0x080066f2   0x080066f2   0x00000002   PAD
    0x080066f4   0x080066f4   0x00000050   Code   RO         4051    i.report_work_state_if_changed  irrigation.o
    0x08006744   0x08006744   0x0000006c   Code   RO         4255    i.rtc_set_ymdhms    time_keeper.o
    0x080067b0   0x080067b0   0x0000001c   Code   RO         1350    i.set_bt_uart_buffer  system.o
    0x080067cc   0x080067cc   0x00000010   Code   RO         1351    i.set_bt_uart_byte  system.o
    0x080067dc   0x080067dc   0x00000168   Code   RO           31    i.uart_print_reset_info  main.o
    0x08006944   0x08006944   0x0000003c   Code   RO          983    i.uart_receive_input  mcu_api.o
    0x08006980   0x08006980   0x00000008   Code   RO         1195    i.uart_transmit_output  protocol.o
    0x08006988   0x08006988   0x00000100   Code   RO         4052    i.valve_takeover    irrigation.o
    0x08006a88   0x08006a88   0x00000019   Data   RO          809    .constdata          system_stm32l0xx.o
    0x08006aa1   0x08006aa1   0x00000008   Data   RO          810    .constdata          system_stm32l0xx.o
    0x08006aa9   0x08006aa9   0x00000028   Data   RO         1196    .constdata          protocol.o
    0x08006ad1   0x08006ad1   0x00000003   PAD
    0x08006ad4   0x08006ad4   0x0000000e   Data   RO         1353    .constdata          system.o
    0x08006ae2   0x08006ae2   0x00000002   PAD
    0x08006ae4   0x08006ae4   0x00000018   Data   RO         4053    .constdata          irrigation.o
    0x08006afc   0x08006afc   0x00000018   Data   RO         4257    .constdata          time_keeper.o
    0x08006b14   0x08006b14   0x0000000c   Data   RO         4447    .constdata          mc_p.l(mktime.o)
    0x08006b20   0x08006b20   0x0000000c   Data   RO         4756    .constdata          mc_p.l(localtime_i.o)
    0x08006b2c   0x08006b2c   0x00000065   Data   RO           32    .conststring        main.o
    0x08006b91   0x08006b91   0x00000003   PAD
    0x08006b94   0x08006b94   0x00000009   Data   RO          349    .conststring        timer_manager.o
    0x08006b9d   0x08006b9d   0x00000003   PAD
    0x08006ba0   0x08006ba0   0x00000020   Data   RO         4777    Region$$Table       anon$$obj.o


    Execution Region RW_IRAM1 (Exec base: 0x20000000, Load base: 0x08006bc0, Size: 0x000013e8, Max: 0x00002000, ABSOLUTE)

    Exec Addr    Load Addr    Size         Type   Attr      Idx    E Section Name        Object

    0x20000000   0x08006bc0   0x00000044   Data   RW           33    .data               main.o
    0x20000044   0x08006c04   0x00000028   Data   RW          350    .data               timer_manager.o
    0x2000006c   0x08006c2c   0x00000004   Data   RW          811    .data               system_stm32l0xx.o
    0x20000070   0x08006c30   0x0000000b   Data   RW          984    .data               mcu_api.o
    0x2000007b   0x08006c3b   0x00000001   Data   RW         1198    .data               protocol.o
    0x2000007c   0x08006c3c   0x0000000c   Data   RW         1354    .data               system.o
    0x20000088   0x08006c48   0x00000001   Data   RW         1355    .data               system.o
    0x20000089   0x08006c49   0x00000003   PAD
    0x2000008c   0x08006c4c   0x00000004   Data   RW         1688    .data               stm32l0xx_hal.o
    0x20000090   0x08006c50   0x00000030   Data   RW         4054    .data               irrigation.o
    0x200000c0   0x08006c80   0x00000014   Data   RW         4164    .data               irrigation_cfg.o
    0x200000d4   0x08006c94   0x00000004   Data   RW         4258    .data               time_keeper.o
    0x200000d8   0x08006c98   0x00000001   Data   RW         4372    .data               valve.o
    0x200000d9   0x08006c99   0x00000003   PAD
    0x200000dc        -       0x0000008c   Zero   RW          348    .bss                timer_manager.o
    0x20000168        -       0x0000005c   Zero   RW          529    .bss                adc.o
    0x200001c4        -       0x00000024   Zero   RW          585    .bss                rtc.o
    0x200001e8        -       0x00000100   Zero   RW          641    .bss                usart.o
    0x200002e8        -       0x000000e5   Zero   RW         1352    .bss                system.o
    0x200003cd   0x08006c99   0x00000003   PAD
    0x200003d0        -       0x00000018   Zero   RW         2567    .bss                stm32l0xx_hal_flash.o
    0x200003e8        -       0x00001000   Zero   RW            1    STACK               startup_stm32l051xx.o


==============================================================================

Image component sizes


      Code (inc. data)   RO Data    RW Data    ZI Data      Debug   Object Name

       576        106          0          0         92       4297   adc.o
       304         68          0          0          0       2199   factory_test.o
       224         22          0          0          0        895   gpio.o
      1410        212         24         48          0      10292   irrigation.o
       144         44          0         20          0       6242   irrigation_cfg.o
      2502        450        101         68          0     328071   main.o
      1026         74          0         11          0      13722   mcu_api.o
       750         14         40          1          0      12602   protocol.o
       148         22          0          0         36       2239   rtc.o
        28          8        192          0       4096        648   startup_stm32l051xx.o
       160         24          0          4          0       4383   stm32l0xx_hal.o
      1540         56          0          0          0       9106   stm32l0xx_hal_adc.o
       176          0          0          0          0       1486   stm32l0xx_hal_adc_ex.o
       188         40          0          0          0      11802   stm32l0xx_hal_cortex.o
        76          0          0          0          0       1055   stm32l0xx_hal_dma.o
       260         14          0          0         24       3266   stm32l0xx_hal_flash.o
       164         28          0          0          0       2363   stm32l0xx_hal_flash_ex.o
       630         58          0          0          0       5221   stm32l0xx_hal_gpio.o
        24          4          0          0          0        406   stm32l0xx_hal_msp.o
        68         12          0          0          0       1199   stm32l0xx_hal_pwr.o
        32          8          0          0          0       1069   stm32l0xx_hal_pwr_ex.o
      1908         94          0          0          0       7684   stm32l0xx_hal_rcc.o
       376         16          0          0          0       1560   stm32l0xx_hal_rcc_ex.o
      1528         44          0          0          0       9298   stm32l0xx_hal_rtc.o
         2          0          0          0          0       1392   stm32l0xx_hal_rtc_ex.o
      2088         94          0          0          0      12052   stm32l0xx_hal_uart.o
         2          0          0          0          0        972   stm32l0xx_hal_uart_ex.o
       120         26          0          0          0       3723   stm32l0xx_it.o
       986        114         14         13        229       9361   system.o
        84         18         33          4          0     326331   system_stm32l0xx.o
       788         68         24          4          0      10948   time_keeper.o
      3336        202          9         40        140      25193   timer_manager.o
       348         36          0          0        256       4718   usart.o
       216         22          0          1          0       3760   valve.o

    ----------------------------------------------------------------------
     22258       1998        480        220       4876     839555   Object Totals
         0          0         32          0          0          0   (incl. Generated)
        46          0         11          6          3          0   (incl. Padding)

    ----------------------------------------------------------------------

      Code (inc. data)   RO Data    RW Data    ZI Data      Debug   Library Member Name

         0          0          0          0          0          0   entry.o
         0          0          0          0          0          0   entry10a.o
         0          0          0          0          0          0   entry11a.o
         8          4          0          0          0          0   entry2.o
         4          0          0          0          0          0   entry5.o
         0          0          0          0          0          0   entry7b.o
         0          0          0          0          0          0   entry8b.o
         8          4          0          0          0          0   entry9a.o
        30          0          0          0          0          0   handlers.o
        40          0          0          0          0         72   idiv.o
        36          8          0          0          0         68   init.o
         0          0          0          0          0          0   iusefp.o
        32          0          0          0          0         68   llshl.o
        38          0          0          0          0         68   llsshr.o
        34          0          0          0          0         68   llushr.o
       116         12         12          0          0         72   localtime_i.o
        36          0          0          0          0         60   memcpya.o
        36          0          0          0          0        100   memseta.o
       140         16         12          0          0         72   mktime.o
      2258         96          0          0          0        472   printfa.o
        14          0          0          0          0         60   strlen.o
        44          0          0          0          0         72   uidiv.o
        96          0          0          0          0         84   uldiv.o
        40          2          0          0          0         68   cdrcmple.o
        56          0          0          0          0         68   d2f.o
       356          4          0          0          0        140   dadd.o
       240          6          0          0          0         84   ddiv.o
       236          0          0          0          0        216   depilogue.o
        64         10          0          0          0         68   dfixul.o
       208          6          0          0          0         88   dmul.o
        40          0          0          0          0         60   f2d.o
       178          0          0          0          0        108   fadd.o
       124          0          0          0          0         72   fdiv.o
       130          0          0          0          0        144   fepilogue.o
        40          0          0          0          0         60   ffixui.o
        14          0          0          0          0         68   ffltui.o
       122          0          0          0          0         72   fmul.o

    ----------------------------------------------------------------------
      4822        168         24          0          0       2652   Library Totals
         4          0          0          0          0          0   (incl. Padding)

    ----------------------------------------------------------------------

      Code (inc. data)   RO Data    RW Data    ZI Data      Debug   Library Name

      2970        140         24          0          0       1336   mc_p.l
      1848         28          0          0          0       1316   mf_p.l

    ----------------------------------------------------------------------
      4822        168         24          0          0       2652   Library Totals

    ----------------------------------------------------------------------

==============================================================================


      Code (inc. data)   RO Data    RW Data    ZI Data      Debug   

     27080       2166        504        220       4876     831131   Grand Totals
     27080       2166        504        220       4876     831131   ELF Image Totals
     27080       2166        504        220          0          0   ROM Totals

==============================================================================

    Total RO  Size (Code + RO Data)                27584 (  26.94kB)
    Total RW  Size (RW Data + ZI Data)              5096 (   4.98kB)
    Total ROM Size (Code + RO Data + RW Data)      27804 (  27.15kB)

==============================================================================

