<html>
<body>
<pre>
<h1>µVision Build Log</h1>
<h2>Tool Versions:</h2>
IDE-Version: ¦ÌVision V5.39.0.0
Copyright (C) 2023 ARM Ltd and ARM Germany GmbH. All rights reserved.
License Information: 1 2, 3, LIC=----
 
Tool Versions:
Toolchain:       MDK-Lite  Version: 5.39.0.0
Toolchain Path:  d:\Keil_v5\ARM\ARMCC\Bin
C Compiler:      Armcc.exe V5.06 update 1 (build 61)
Assembler:       Armasm.exe V5.06 update 1 (build 61)
Linker/Locator:  ArmLink.exe V5.06 update 1 (build 61)
Library Manager: ArmAr.exe V5.06 update 1 (build 61)
Hex Converter:   FromElf.exe V5.06 update 1 (build 61)
CPU DLL:         SARMCM3.DLL V5.39.0.0
Dialog DLL:      DARMCM1.DLL V1.19.6.0
Target DLL:      STLink\ST-LINKIII-KEIL_SWO.dll V3.2.0.0
Dialog DLL:      TARMCM1.DLL V1.14.6.0
 
<h2>Project:</h2>
d:\Source_project\tuya_bt\260403\MDK-ARM\STM32L051C8T6_USART1.uvprojx
Project File Date:  03/31/2026

<h2>Output:</h2>
*** Using Compiler 'V5.06 update 1 (build 61)', folder: 'd:\Keil_v5\ARM\ARMCC\Bin'
Build target 'STM32L051C8T6_USART1'
compiling main.c...
../Src/main.c(741): warning:  #177-D: variable "battery_percent" was declared but never referenced
    uint32_t battery_percent = 0;
../Src/main.c(82): warning:  #550-D: variable "switch_state" was set but never used
  static uint8_t  switch_state = 0;     // 0=?Ø·? 1=¿ª·§
../Src/main.c(238): warning:  #177-D: function "RTC_Time_Config" was declared but never referenced
  static void RTC_Time_Config(uint32_t stoptime)
../Src/main.c(640): warning:  #177-D: variable "s_time_req_sent" was declared but never referenced
  static uint8_t  s_time_req_sent = 0;
../Src/main.c(641): warning:  #550-D: variable "s_boot_tick" was set but never used
  static uint32_t s_boot_tick = 0;
../Src/main.c(642): warning:  #177-D: variable "s_last_time_print_tick" was declared but never referenced
  static uint32_t s_last_time_print_tick = 0;
../Src/main.c(647): warning:  #177-D: variable "s_last_time_req_ms" was declared but never referenced
  static uint32_t s_last_time_req_ms = 0;
../Src/main.c(648): warning:  #177-D: variable "s_time_req_started" was declared but never referenced
  static uint8_t  s_time_req_started = 0;
../Src/main.c(676): warning:  #177-D: function "BootBlink_Service" was declared but never referenced
  static void BootBlink_Service(void)
../Src/main.c: 9 warnings, 0 errors
linking...
Program Size: Code=27080 RO-data=504 RW-data=220 ZI-data=4876  
FromELF: creating hex file...
"STM32L051C8T6_USART1\STM32L051C8T6_USART1.axf" - 0 Error(s), 9 Warning(s).

<h2>Software Packages used:</h2>

Package Vendor: ARM
                http://www.keil.com/pack/ARM.CMSIS.5.9.0.pack
                ARM::CMSIS@5.9.0
                CMSIS (Common Microcontroller Software Interface Standard)
   * Component: CORE Version: 5.6.0

Package Vendor: Keil
                https://www.keil.com/pack/Keil.STM32L0xx_DFP.3.1.0.pack
                Keil::STM32L0xx_DFP@3.1.0
                STMicroelectronics STM32L0 Series Device Support

<h2>Collection of Component include folders:</h2>
  ./RTE/_STM32L051C8T6_USART1
  D:/Keil_v5/ARM/Pack/ARM/CMSIS/5.9.0/CMSIS/Core/Include

<h2>Collection of Component Files used:</h2>

   * Component: ARM::CMSIS:CORE@5.6.0
Build Time Elapsed:  00:00:02
</pre>
</body>
</html>
